\BOOKMARK [0][-]{chapter.1}{\376\377\204\127\200\005\060\316\060\374\060\310\377\032\060\113\060\144\060\146\060\156\171\301\060\170\060\156\215\010\060\212\162\151\060\001\060\102\060\213\060\104\060\157\000S\000N\000S\146\102\116\343\060\156\116\210\226\062\175\332}{}% 1
\BOOKMARK [0][-]{chapter.2}{\376\377\060\157\060\130\060\201\060\153\377\032\000d\000x\000\040\060\150\060\157\117\125\060\113\060\001\060\312\060\326\060\351\060\150\060\157\117\125\060\113}{}% 2
\BOOKMARK [1][-]{section.2.1}{\376\377\060\157\060\130\060\201\060\156\060\157\060\130\060\201\060\153\377\032\122\115\143\320\167\345\213\130}{chapter.2}% 3
\BOOKMARK [1][-]{section.2.2}{\376\377\060\312\060\326\060\351\060\150\060\157\117\125\060\113}{chapter.2}% 4
\BOOKMARK [2][-]{subsection.2.2.1}{\376\377\147\054\146\370\060\156\060\355\060\374\060\311\060\336\060\303\060\327}{section.2.2}% 5
\BOOKMARK [0][-]{chapter.3}{\376\377\060\335\060\374\060\277\060\353\060\265\060\244\060\310\060\150\060\141\060\207\060\143\060\150\060\127\060\137\212\146\060\177}{}% 6
\BOOKMARK [1][-]{subsection.3.0.1}{\376\377\060\335\060\374\060\277\060\353\060\265\060\244\060\310}{chapter.3}% 7
\BOOKMARK [2][-]{subsection.3.0.2}{\376\377\000D\000i\000s\000c\000o\000r\000d\000\040\060\265\060\374\060\320\060\374}{subsection.3.0.1}% 8
\BOOKMARK [0][-]{chapter.4}{\376\377\173\054\0001\172\340\377\032\000d\000x\000\040\060\150\060\157\117\125\060\113\000\040\040\024\040\024\000\040\060\331\060\257\060\310\060\353\060\222\230\337\060\171\060\213\156\054\133\232\126\150\060\001\060\102\060\213\060\104\060\157\152\052\060\331\060\257\060\310\060\353}{}% 9
\BOOKMARK [1][-]{subsection.4.0.1}{\376\377\000\247\0001\000.\0000\000\040\145\160\133\146\200\005\060\156\0001\153\041\121\103\060\001\162\151\164\006\133\146\200\005\060\156\0001\153\041\121\103}{chapter.4}% 10
\BOOKMARK [2][-]{subsection.4.0.2}{\376\377\000\247\0001\000.\0001\000\040\060\352\060\374\060\336\060\363\124\214\060\150\210\114\122\027\060\156\172\115}{subsection.4.0.1}% 11
\BOOKMARK [2][-]{subsection.4.0.3}{\376\377\000\247\0001\000.\0002\000\040\121\150\137\256\122\006\000\040\000d\000f\000\040\040\024\000\040\131\011\123\026\163\207\060\222\210\114\122\027\060\153\060\176\060\150\060\201\060\137\157\024\173\227\133\120}{subsection.4.0.1}% 12
\BOOKMARK [2][-]{subsection.4.0.4}{\376\377\000\247\0001\000.\0003\000\040\060\351\060\244\060\327\060\313\060\303\060\304\060\156\212\030\154\325\060\150\116\343\145\160\166\204\166\364\141\037}{subsection.4.0.1}% 13
\BOOKMARK [2][-]{subsection.4.0.5}{\376\377\000\247\0001\000.\0004\000\040\136\247\152\031\131\011\143\333\040\024\040\024\156\054\133\232\126\150\060\222\122\045\060\156\166\356\166\333\060\212\060\153\117\134\060\212\146\377\060\110\060\213}{subsection.4.0.1}% 14
\BOOKMARK [2][-]{subsection.4.0.6}{\376\377\000\247\0001\000.\0005\000\040\122\045\060\156\136\247\152\031\060\147\146\370\060\117\040\024\040\024\157\024\177\322}{subsection.4.0.1}% 15
\BOOKMARK [0][-]{chapter.5}{\376\377\060\112\060\217\060\212\060\153\377\032\060\016\060\312\060\326\060\351\211\343\117\123\145\260\146\370\060\017\060\157\060\104\060\113\060\153\060\127\060\146\165\037\060\176\060\214\060\137\060\113}{}% 16
\BOOKMARK [0][-]{chapter.6}{\376\377\123\302\200\003\145\207\163\056\377\010\060\150\204\127\200\005\060\113\060\211\060\156\060\263\060\341\060\363\060\310\377\011}{}% 17
\BOOKMARK [0][-]{chapter.7}{\376\377\116\330\223\062\377\032\147\054\146\370\060\147\212\236\060\211\060\152\060\113\060\143\060\137\060\202\060\156}{}% 18
\BOOKMARK [1][-]{section.7.1}{\376\377\000I\000.\000\040\164\006\212\326\166\204\147\240\175\104\060\177\060\150\123\263\133\306\140\047\060\153\060\144\060\104\060\146}{chapter.7}% 19
\BOOKMARK [1][-]{section.7.2}{\376\377\000I\000I\000.\000\040\142\113\154\325\060\156\220\170\142\236\060\150\220\151\165\050\226\120\165\114\060\153\060\144\060\104\060\146}{chapter.7}% 20
\BOOKMARK [1][-]{section.7.3}{\376\377\000I\000I\000I\000.\000\040\162\151\164\006\166\204\133\232\177\251\060\150\145\131\200\262\166\204\221\115\141\156\060\153\060\144\060\104\060\146}{chapter.7}% 21
