This is XeTeX, Version 3.141592653-2.6-0.999995 (TeX Live 2023/Debian) (preloaded format=xelatex 2026.4.30)  5 MAY 2026 20:56
entering extended mode
 restricted \write18 enabled.
 %&-line parsing enabled.
**exports/manuscript_preview.tex
(./exports/manuscript_preview.tex
LaTeX2e <2023-11-01> patch level 1
L3 programming layer <2024-01-22>
(/usr/share/texlive/texmf-dist/tex/latex/base/book.cls
Document Class: book 2023/05/17 v1.4n Standard LaTeX document class
(/usr/share/texlive/texmf-dist/tex/latex/base/bk12.clo
File: bk12.clo 2023/05/17 v1.4n Standard LaTeX file (size option)
)
\c@part=\count183
\c@chapter=\count184
\c@section=\count185
\c@subsection=\count186
\c@subsubsection=\count187
\c@paragraph=\count188
\c@subparagraph=\count189
\c@figure=\count190
\c@table=\count191
\abovecaptionskip=\skip48
\belowcaptionskip=\skip49
\bibindent=\dimen140
)
(/usr/share/texlive/texmf-dist/tex/latex/amsmath/amsmath.sty
Package: amsmath 2023/05/13 v2.17o AMS math features
\@mathmargin=\skip50

For additional information on amsmath, use the `?' option.
(/usr/share/texlive/texmf-dist/tex/latex/amsmath/amstext.sty
Package: amstext 2021/08/26 v2.01 AMS text

(/usr/share/texlive/texmf-dist/tex/latex/amsmath/amsgen.sty
File: amsgen.sty 1999/11/30 v2.0 generic functions
\@emptytoks=\toks17
\ex@=\dimen141
))
(/usr/share/texlive/texmf-dist/tex/latex/amsmath/amsbsy.sty
Package: amsbsy 1999/11/29 v1.2d Bold Symbols
\pmbraise@=\dimen142
)
(/usr/share/texlive/texmf-dist/tex/latex/amsmath/amsopn.sty
Package: amsopn 2022/04/08 v2.04 operator names
)
\inf@bad=\count192
LaTeX Info: Redefining \frac on input line 234.
\uproot@=\count193
\leftroot@=\count194
LaTeX Info: Redefining \overline on input line 399.
LaTeX Info: Redefining \colon on input line 410.
\classnum@=\count195
\DOTSCASE@=\count196
LaTeX Info: Redefining \ldots on input line 496.
LaTeX Info: Redefining \dots on input line 499.
LaTeX Info: Redefining \cdots on input line 620.
\Mathstrutbox@=\box51
\strutbox@=\box52
LaTeX Info: Redefining \big on input line 722.
LaTeX Info: Redefining \Big on input line 723.
LaTeX Info: Redefining \bigg on input line 724.
LaTeX Info: Redefining \Bigg on input line 725.
\big@size=\dimen143
LaTeX Font Info:    Redeclaring font encoding OML on input line 743.
LaTeX Font Info:    Redeclaring font encoding OMS on input line 744.
\macc@depth=\count197
LaTeX Info: Redefining \bmod on input line 905.
LaTeX Info: Redefining \pmod on input line 910.
LaTeX Info: Redefining \smash on input line 940.
LaTeX Info: Redefining \relbar on input line 970.
LaTeX Info: Redefining \Relbar on input line 971.
\c@MaxMatrixCols=\count198
\dotsspace@=\muskip16
\c@parentequation=\count199
\dspbrk@lvl=\count266
\tag@help=\toks18
\row@=\count267
\column@=\count268
\maxfields@=\count269
\andhelp@=\toks19
\eqnshift@=\dimen144
\alignsep@=\dimen145
\tagshift@=\dimen146
\tagwidth@=\dimen147
\totwidth@=\dimen148
\lineht@=\dimen149
\@envbody=\toks20
\multlinegap=\skip51
\multlinetaggap=\skip52
\mathdisplay@stack=\toks21
LaTeX Info: Redefining \[ on input line 2953.
LaTeX Info: Redefining \] on input line 2954.
)
(/usr/share/texlive/texmf-dist/tex/latex/amsfonts/amssymb.sty
Package: amssymb 2013/01/14 v3.01 AMS font symbols

(/usr/share/texlive/texmf-dist/tex/latex/amsfonts/amsfonts.sty
Package: amsfonts 2013/01/14 v3.01 Basic AMSFonts support
\symAMSa=\mathgroup4
\symAMSb=\mathgroup5
LaTeX Font Info:    Redeclaring math symbol \hbar on input line 98.
LaTeX Font Info:    Overwriting math alphabet `\mathfrak' in version `bold'
(Font)                  U/euf/m/n --> U/euf/b/n on input line 106.
))
(/usr/share/texlive/texmf-dist/tex/latex/tools/bm.sty
Package: bm 2023/07/08 v1.2f Bold Symbol Support (DPC/FMi)
\symboldoperators=\mathgroup6
\symboldletters=\mathgroup7
\symboldsymbols=\mathgroup8
Package bm Info: No bold for \OMX/cmex/m/n, using \pmb.
Package bm Info: No bold for \U/msa/m/n, using \pmb.
Package bm Info: No bold for \U/msb/m/n, using \pmb.
LaTeX Font Info:    Redeclaring math alphabet \mathbf on input line 149.
)
(/usr/share/texlive/texmf-dist/tex/latex/esint/esint.sty
Package: esint 
\symlargesymbolsA=\mathgroup9
)
(/usr/share/texlive/texmf-dist/tex/latex/cancel/cancel.sty
Package: cancel 2013/04/12 v2.2 Cancel math terms
)
(/usr/share/texlive/texmf-dist/tex/latex/graphics/graphicx.sty
Package: graphicx 2021/09/16 v1.2d Enhanced LaTeX Graphics (DPC,SPQR)

(/usr/share/texlive/texmf-dist/tex/latex/graphics/keyval.sty
Package: keyval 2022/05/29 v1.15 key=value parser (DPC)
\KV@toks@=\toks22
)
(/usr/share/texlive/texmf-dist/tex/latex/graphics/graphics.sty
Package: graphics 2022/03/10 v1.4e Standard LaTeX Graphics (DPC,SPQR)

(/usr/share/texlive/texmf-dist/tex/latex/graphics/trig.sty
Package: trig 2021/08/11 v1.11 sin cos tan (DPC)
)
(/usr/share/texlive/texmf-dist/tex/latex/graphics-cfg/graphics.cfg
File: graphics.cfg 2016/06/04 v1.11 sample graphics configuration
)
Package graphics Info: Driver file: xetex.def on input line 107.

(/usr/share/texlive/texmf-dist/tex/latex/graphics-def/xetex.def
File: xetex.def 2022/09/22 v5.0n Graphics/color driver for xetex
))
\Gin@req@height=\dimen150
\Gin@req@width=\dimen151
)
(/usr/share/texlive/texmf-dist/tex/latex/xcolor/xcolor.sty
Package: xcolor 2023/11/15 v3.01 LaTeX color extensions (UK)

(/usr/share/texlive/texmf-dist/tex/latex/graphics-cfg/color.cfg
File: color.cfg 2016/01/02 v1.6 sample color configuration
)
Package xcolor Info: Driver file: xetex.def on input line 274.

(/usr/share/texlive/texmf-dist/tex/latex/graphics/mathcolor.ltx)
Package xcolor Info: Model `cmy' substituted by `cmy0' on input line 1350.
Package xcolor Info: Model `RGB' extended on input line 1366.
Package xcolor Info: Model `HTML' substituted by `rgb' on input line 1368.
Package xcolor Info: Model `Hsb' substituted by `hsb' on input line 1369.
Package xcolor Info: Model `tHsb' substituted by `hsb' on input line 1370.
Package xcolor Info: Model `HSB' substituted by `hsb' on input line 1371.
Package xcolor Info: Model `Gray' substituted by `gray' on input line 1372.
Package xcolor Info: Model `wave' substituted by `hsb' on input line 1373.
)
(/usr/share/texlive/texmf-dist/tex/latex/hyperref/hyperref.sty
Package: hyperref 2024-01-20 v7.01h Hypertext links for LaTeX

(/usr/share/texlive/texmf-dist/tex/generic/iftex/iftex.sty
Package: iftex 2022/02/03 v1.0f TeX engine tests
)
(/usr/share/texlive/texmf-dist/tex/latex/kvsetkeys/kvsetkeys.sty
Package: kvsetkeys 2022-10-05 v1.19 Key value parser (HO)
)
(/usr/share/texlive/texmf-dist/tex/generic/kvdefinekeys/kvdefinekeys.sty
Package: kvdefinekeys 2019-12-19 v1.6 Define keys (HO)
)
(/usr/share/texlive/texmf-dist/tex/generic/pdfescape/pdfescape.sty
Package: pdfescape 2019/12/09 v1.15 Implements pdfTeX's escape features (HO)

(/usr/share/texlive/texmf-dist/tex/generic/ltxcmds/ltxcmds.sty
Package: ltxcmds 2023-12-04 v1.26 LaTeX kernel commands for general use (HO)
)
(/usr/share/texlive/texmf-dist/tex/generic/pdftexcmds/pdftexcmds.sty
Package: pdftexcmds 2020-06-27 v0.33 Utility functions of pdfTeX for LuaTeX (HO
)

(/usr/share/texlive/texmf-dist/tex/generic/infwarerr/infwarerr.sty
Package: infwarerr 2019/12/03 v1.5 Providing info/warning/error messages (HO)
)
Package pdftexcmds Info: \pdf@primitive is available.
Package pdftexcmds Info: \pdf@ifprimitive is available.
Package pdftexcmds Info: \pdfdraftmode not found.
))
(/usr/share/texlive/texmf-dist/tex/latex/hycolor/hycolor.sty
Package: hycolor 2020-01-27 v1.10 Color options for hyperref/bookmark (HO)
)
(/usr/share/texlive/texmf-dist/tex/latex/auxhook/auxhook.sty
Package: auxhook 2019-12-17 v1.6 Hooks for auxiliary files (HO)
)
(/usr/share/texlive/texmf-dist/tex/latex/hyperref/nameref.sty
Package: nameref 2023-11-26 v2.56 Cross-referencing by name of section

(/usr/share/texlive/texmf-dist/tex/latex/refcount/refcount.sty
Package: refcount 2019/12/15 v3.6 Data extraction from label references (HO)
)
(/usr/share/texlive/texmf-dist/tex/generic/gettitlestring/gettitlestring.sty
Package: gettitlestring 2019/12/15 v1.6 Cleanup title references (HO)

(/usr/share/texlive/texmf-dist/tex/latex/kvoptions/kvoptions.sty
Package: kvoptions 2022-06-15 v3.15 Key value format for package options (HO)
))
\c@section@level=\count270
)
(/usr/share/texlive/texmf-dist/tex/latex/etoolbox/etoolbox.sty
Package: etoolbox 2020/10/05 v2.5k e-TeX tools for LaTeX (JAW)
\etb@tempcnta=\count271
)
\@linkdim=\dimen152
\Hy@linkcounter=\count272
\Hy@pagecounter=\count273

(/usr/share/texlive/texmf-dist/tex/latex/hyperref/pd1enc.def
File: pd1enc.def 2024-01-20 v7.01h Hyperref: PDFDocEncoding definition (HO)
)
(/usr/share/texlive/texmf-dist/tex/generic/intcalc/intcalc.sty
Package: intcalc 2019/12/15 v1.3 Expandable calculations with integers (HO)
)
\Hy@SavedSpaceFactor=\count274

(/usr/share/texlive/texmf-dist/tex/latex/hyperref/puenc.def
File: puenc.def 2024-01-20 v7.01h Hyperref: PDF Unicode definition (HO)
)
Package hyperref Info: Hyper figures OFF on input line 4179.
Package hyperref Info: Link nesting OFF on input line 4184.
Package hyperref Info: Hyper index ON on input line 4187.
Package hyperref Info: Plain pages OFF on input line 4194.
Package hyperref Info: Backreferencing OFF on input line 4199.
Package hyperref Info: Implicit mode ON; LaTeX internals redefined.
Package hyperref Info: Bookmarks ON on input line 4446.
\c@Hy@tempcnt=\count275

(/usr/share/texlive/texmf-dist/tex/latex/url/url.sty
\Urlmuskip=\muskip17
Package: url 2013/09/16  ver 3.4  Verb mode for urls, etc.
)
LaTeX Info: Redefining \url on input line 4784.
\XeTeXLinkMargin=\dimen153

(/usr/share/texlive/texmf-dist/tex/generic/bitset/bitset.sty
Package: bitset 2019/12/09 v1.3 Handle bit-vector datatype (HO)

(/usr/share/texlive/texmf-dist/tex/generic/bigintcalc/bigintcalc.sty
Package: bigintcalc 2019/12/15 v1.5 Expandable calculations on big integers (HO
)
))
\Fld@menulength=\count276
\Field@Width=\dimen154
\Fld@charsize=\dimen155
Package hyperref Info: Hyper figures OFF on input line 6063.
Package hyperref Info: Link nesting OFF on input line 6068.
Package hyperref Info: Hyper index ON on input line 6071.
Package hyperref Info: backreferencing OFF on input line 6078.
Package hyperref Info: Link coloring OFF on input line 6083.
Package hyperref Info: Link coloring with OCG OFF on input line 6088.
Package hyperref Info: PDF/A mode OFF on input line 6093.

(/usr/share/texlive/texmf-dist/tex/latex/base/atbegshi-ltx.sty
Package: atbegshi-ltx 2021/01/10 v1.0c Emulation of the original atbegshi
package with kernel methods
)
\Hy@abspage=\count277
\c@Item=\count278
\c@Hfootnote=\count279
)
Package hyperref Info: Driver (autodetected): hxetex.

(/usr/share/texlive/texmf-dist/tex/latex/hyperref/hxetex.def
File: hxetex.def 2024-01-20 v7.01h Hyperref driver for XeTeX

(/usr/share/texlive/texmf-dist/tex/generic/stringenc/stringenc.sty
Package: stringenc 2019/11/29 v1.12 Convert strings between diff. encodings (HO
)
)
\pdfm@box=\box53
\c@Hy@AnnotLevel=\count280
\HyField@AnnotCount=\count281
\Fld@listcount=\count282
\c@bookmark@seq@number=\count283

(/usr/share/texlive/texmf-dist/tex/latex/rerunfilecheck/rerunfilecheck.sty
Package: rerunfilecheck 2022-07-10 v1.10 Rerun checks for auxiliary files (HO)

(/usr/share/texlive/texmf-dist/tex/latex/base/atveryend-ltx.sty
Package: atveryend-ltx 2020/08/19 v1.0a Emulation of the original atveryend pac
kage
with kernel methods
)
(/usr/share/texlive/texmf-dist/tex/generic/uniquecounter/uniquecounter.sty
Package: uniquecounter 2019/12/15 v1.4 Provide unlimited unique counter (HO)
)
Package uniquecounter Info: New unique counter `rerunfilecheck' on input line 2
85.
)
\Hy@SectionHShift=\skip53
)
(/usr/share/texlive/texmf-dist/tex/latex/geometry/geometry.sty
Package: geometry 2020/01/02 v5.9 Page Geometry

(/usr/share/texlive/texmf-dist/tex/generic/iftex/ifvtex.sty
Package: ifvtex 2019/10/25 v1.7 ifvtex legacy package. Use iftex instead.
)
\Gm@cnth=\count284
\Gm@cntv=\count285
\c@Gm@tempcnt=\count286
\Gm@bindingoffset=\dimen156
\Gm@wd@mp=\dimen157
\Gm@odd@mp=\dimen158
\Gm@even@mp=\dimen159
\Gm@layoutwidth=\dimen160
\Gm@layoutheight=\dimen161
\Gm@layouthoffset=\dimen162
\Gm@layoutvoffset=\dimen163
\Gm@dimlist=\toks23
)
(/usr/share/texlive/texmf-dist/tex/latex/fontspec/fontspec.sty
(/usr/share/texlive/texmf-dist/tex/latex/l3packages/xparse/xparse.sty
(/usr/share/texlive/texmf-dist/tex/latex/l3kernel/expl3.sty
Package: expl3 2024-01-22 L3 programming layer (loader) 

(/usr/share/texlive/texmf-dist/tex/latex/l3backend/l3backend-xetex.def
File: l3backend-xetex.def 2024-01-04 L3 backend support: XeTeX
\g__graphics_track_int=\count287
\l__pdf_internal_box=\box54
\g__pdf_backend_object_int=\count288
\g__pdf_backend_annotation_int=\count289
\g__pdf_backend_link_int=\count290
))
Package: xparse 2023-10-10 L3 Experimental document command parser
)
Package: fontspec 2022/01/15 v2.8a Font selection for XeLaTeX and LuaLaTeX

(/usr/share/texlive/texmf-dist/tex/latex/fontspec/fontspec-xetex.sty
Package: fontspec-xetex 2022/01/15 v2.8a Font selection for XeLaTeX and LuaLaTe
X
\l__fontspec_script_int=\count291
\l__fontspec_language_int=\count292
\l__fontspec_strnum_int=\count293
\l__fontspec_tmp_int=\count294
\l__fontspec_tmpa_int=\count295
\l__fontspec_tmpb_int=\count296
\l__fontspec_tmpc_int=\count297
\l__fontspec_em_int=\count298
\l__fontspec_emdef_int=\count299
\l__fontspec_strong_int=\count300
\l__fontspec_strongdef_int=\count301
\l__fontspec_tmpa_dim=\dimen164
\l__fontspec_tmpb_dim=\dimen165
\l__fontspec_tmpc_dim=\dimen166

(/usr/share/texlive/texmf-dist/tex/latex/base/fontenc.sty
Package: fontenc 2021/04/29 v2.0v Standard LaTeX package
)
(/usr/share/texlive/texmf-dist/tex/latex/fontspec/fontspec.cfg)))

Package fontspec Info: Could not resolve font "IPAexMincho/I" (it probably
(fontspec)             doesn't exist).


Package fontspec Info: Could not resolve font "IPAexMincho/BI" (it probably
(fontspec)             doesn't exist).


Package fontspec Info: Could not resolve font "IPAexMincho/I" (it probably
(fontspec)             doesn't exist).


Package fontspec Info: Font family 'IPAexMincho(0)' created for font
(fontspec)             'IPAexMincho' with options
(fontspec)             [Ligatures=TeX,AutoFakeBold=1.5,Ligatures=TeX].
(fontspec)              
(fontspec)              This font family consists of the following NFSS
(fontspec)             series/shapes:
(fontspec)              
(fontspec)             - 'normal' (m/n) with NFSS spec.:
(fontspec)             <->"IPAexMincho/OT:script=latn;language=dflt;mapping=tex
-text;"
(fontspec)             - 'small caps'  (m/sc) with NFSS spec.: 
(fontspec)             - 'bold' (b/n) with NFSS spec.:
(fontspec)             <->"IPAexMincho/OT:script=latn;language=dflt;embolden=1.
5;mapping=tex-text;"
(fontspec)             - 'bold small caps'  (b/sc) with NFSS spec.: 

Package hyperref Info: Option `colorlinks' set `true' on input line 7.

(preview/manuscript_preview.aux)
\openout1 = `manuscript_preview.aux'.

LaTeX Font Info:    Checking defaults for OML/cmm/m/it on input line 8.
LaTeX Font Info:    ... okay on input line 8.
LaTeX Font Info:    Checking defaults for OMS/cmsy/m/n on input line 8.
LaTeX Font Info:    ... okay on input line 8.
LaTeX Font Info:    Checking defaults for OT1/cmr/m/n on input line 8.
LaTeX Font Info:    ... okay on input line 8.
LaTeX Font Info:    Checking defaults for T1/cmr/m/n on input line 8.
LaTeX Font Info:    ... okay on input line 8.
LaTeX Font Info:    Checking defaults for TS1/cmr/m/n on input line 8.
LaTeX Font Info:    Trying to load font information for TS1+cmr on input line 8
.

(/usr/share/texlive/texmf-dist/tex/latex/base/ts1cmr.fd
File: ts1cmr.fd 2023/04/13 v2.5m Standard LaTeX font definitions
)
LaTeX Font Info:    ... okay on input line 8.
LaTeX Font Info:    Checking defaults for TU/lmr/m/n on input line 8.
LaTeX Font Info:    ... okay on input line 8.
LaTeX Font Info:    Checking defaults for OMX/cmex/m/n on input line 8.
LaTeX Font Info:    ... okay on input line 8.
LaTeX Font Info:    Checking defaults for U/cmr/m/n on input line 8.
LaTeX Font Info:    ... okay on input line 8.
LaTeX Font Info:    Checking defaults for PD1/pdf/m/n on input line 8.
LaTeX Font Info:    ... okay on input line 8.
LaTeX Font Info:    Checking defaults for PU/pdf/m/n on input line 8.
LaTeX Font Info:    ... okay on input line 8.
Package hyperref Info: Link coloring ON on input line 8.

(preview/manuscript_preview.out) (preview/manuscript_preview.out)
\@outlinefile=\write3
\openout3 = `manuscript_preview.out'.


*geometry* driver: auto-detecting
*geometry* detected driver: xetex
*geometry* verbose mode - [ preamble ] result:
* driver: xetex
* paper: a4paper
* layout: <same size as paper>
* layoutoffset:(h,v)=(0.0pt,0.0pt)
* modes: twoside 
* h-part:(L,W,R)=(71.13188pt, 455.24411pt, 71.13188pt)
* v-part:(T,H,B)=(71.13188pt, 702.78308pt, 71.13188pt)
* \paperwidth=597.50787pt
* \paperheight=845.04684pt
* \textwidth=455.24411pt
* \textheight=702.78308pt
* \oddsidemargin=-1.1381pt
* \evensidemargin=-1.1381pt
* \topmargin=-33.0119pt
* \headheight=12.0pt
* \headsep=19.8738pt
* \topskip=12.0pt
* \footskip=30.0pt
* \marginparwidth=88.0pt
* \marginparsep=7.0pt
* \columnsep=10.0pt
* \skip\footins=10.8pt plus 4.0pt minus 2.0pt
* \hoffset=0.0pt
* \voffset=0.0pt
* \mag=1000
* \@twocolumnfalse
* \@twosidetrue
* \@mparswitchtrue
* \@reversemarginfalse
* (1in=72.27pt=25.4mm, 1cm=28.453pt)


Package fontspec Info: Adjusting the maths setup (use [no-math] to avoid
(fontspec)             this).

\symlegacymaths=\mathgroup10
LaTeX Font Info:    Overwriting symbol font `legacymaths' in version `bold'
(Font)                  OT1/cmr/m/n --> OT1/cmr/bx/n on input line 8.
LaTeX Font Info:    Redeclaring math accent \acute on input line 8.
LaTeX Font Info:    Redeclaring math accent \grave on input line 8.
LaTeX Font Info:    Redeclaring math accent \ddot on input line 8.
LaTeX Font Info:    Redeclaring math accent \tilde on input line 8.
LaTeX Font Info:    Redeclaring math accent \bar on input line 8.
LaTeX Font Info:    Redeclaring math accent \breve on input line 8.
LaTeX Font Info:    Redeclaring math accent \check on input line 8.
LaTeX Font Info:    Redeclaring math accent \hat on input line 8.
LaTeX Font Info:    Redeclaring math accent \dot on input line 8.
LaTeX Font Info:    Redeclaring math accent \mathring on input line 8.
LaTeX Font Info:    Redeclaring math symbol \Gamma on input line 8.
LaTeX Font Info:    Redeclaring math symbol \Delta on input line 8.
LaTeX Font Info:    Redeclaring math symbol \Theta on input line 8.
LaTeX Font Info:    Redeclaring math symbol \Lambda on input line 8.
LaTeX Font Info:    Redeclaring math symbol \Xi on input line 8.
LaTeX Font Info:    Redeclaring math symbol \Pi on input line 8.
LaTeX Font Info:    Redeclaring math symbol \Sigma on input line 8.
LaTeX Font Info:    Redeclaring math symbol \Upsilon on input line 8.
LaTeX Font Info:    Redeclaring math symbol \Phi on input line 8.
LaTeX Font Info:    Redeclaring math symbol \Psi on input line 8.
LaTeX Font Info:    Redeclaring math symbol \Omega on input line 8.
LaTeX Font Info:    Redeclaring math symbol \mathdollar on input line 8.
LaTeX Font Info:    Redeclaring symbol font `operators' on input line 8.
LaTeX Font Info:    Encoding `OT1' has changed to `TU' for symbol font
(Font)              `operators' in the math version `normal' on input line 8.
LaTeX Font Info:    Overwriting symbol font `operators' in version `normal'
(Font)                  OT1/cmr/m/n --> TU/IPAexMincho(0)/m/n on input line 8.
LaTeX Font Info:    Encoding `OT1' has changed to `TU' for symbol font
(Font)              `operators' in the math version `bold' on input line 8.
LaTeX Font Info:    Overwriting symbol font `operators' in version `bold'
(Font)                  OT1/cmr/bx/n --> TU/IPAexMincho(0)/m/n on input line 8.

LaTeX Font Info:    Overwriting symbol font `operators' in version `normal'
(Font)                  TU/IPAexMincho(0)/m/n --> TU/IPAexMincho(0)/m/n on inpu
t line 8.
LaTeX Font Info:    Overwriting math alphabet `\mathit' in version `normal'
(Font)                  OT1/cmr/m/it --> TU/IPAexMincho(0)/m/it on input line 8
.
LaTeX Font Info:    Overwriting math alphabet `\mathbf' in version `normal'
(Font)                  OT1/cmr/bx/n --> TU/IPAexMincho(0)/b/n on input line 8.

LaTeX Font Info:    Overwriting math alphabet `\mathsf' in version `normal'
(Font)                  OT1/cmss/m/n --> TU/lmss/m/n on input line 8.
LaTeX Font Info:    Overwriting math alphabet `\mathtt' in version `normal'
(Font)                  OT1/cmtt/m/n --> TU/lmtt/m/n on input line 8.
LaTeX Font Info:    Overwriting symbol font `operators' in version `bold'
(Font)                  TU/IPAexMincho(0)/m/n --> TU/IPAexMincho(0)/b/n on inpu
t line 8.
LaTeX Font Info:    Overwriting math alphabet `\mathit' in version `bold'
(Font)                  OT1/cmr/bx/it --> TU/IPAexMincho(0)/b/it on input line 
8.
LaTeX Font Info:    Overwriting math alphabet `\mathsf' in version `bold'
(Font)                  OT1/cmss/bx/n --> TU/lmss/b/n on input line 8.
LaTeX Font Info:    Overwriting math alphabet `\mathtt' in version `bold'
(Font)                  OT1/cmtt/m/n --> TU/lmtt/b/n on input line 8.
LaTeX Font Info:    Trying to load font information for U+msa on input line 13.

(/usr/share/texlive/texmf-dist/tex/latex/amsfonts/umsa.fd
File: umsa.fd 2013/01/14 v3.01 AMS symbols A
)
LaTeX Font Info:    Trying to load font information for U+msb on input line 13.


(/usr/share/texlive/texmf-dist/tex/latex/amsfonts/umsb.fd
File: umsb.fd 2013/01/14 v3.01 AMS symbols B
)
LaTeX Font Info:    Trying to load font information for U+esint on input line 1
3.

(/usr/share/texlive/texmf-dist/tex/latex/esint/uesint.fd
File: uesint.fd 
) [1


]
(preview/manuscript_preview.toc)
\tf@toc=\write4
\openout4 = `manuscript_preview.toc'.

 [2

]
Chapter 1.
[3

]
Chapter 2.
! Undefined control sequence.
l.46 \tightlist
               
The control sequence at the end of the top line
of your error message was never \def'ed. If you have
misspelled it (e.g., `\hobx'), type `I' and the correct
spelling (e.g., `I\hbox'). Otherwise just continue,
and I'll forget about whatever was undefined.

[4

]
! Undefined control sequence.
l.134 \tightlist
                
The control sequence at the end of the top line
of your error message was never \def'ed. If you have
misspelled it (e.g., `\hobx'), type `I' and the correct
spelling (e.g., `I\hbox'). Otherwise just continue,
and I'll forget about whatever was undefined.


LaTeX Font Warning: Font shape `TU/IPAexMincho(0)/m/sl' undefined
(Font)              using `TU/IPAexMincho(0)/m/it' instead on input line 149.


LaTeX Font Warning: Font shape `TU/IPAexMincho(0)/m/it' undefined
(Font)              using `TU/IPAexMincho(0)/m/n' instead on input line 149.

[5]

LaTeX Font Warning: Font shape `TU/IPAexMincho(0)/m/sl' undefined
(Font)              using `TU/IPAexMincho(0)/m/it' instead on input line 151.

[6]
Chapter 3.

Package hyperref Warning: Difference (2) between bookmark levels is greater 
(hyperref)                than one, level fixed on input line 160.

[7

]
Chapter 4.

Package hyperref Warning: Difference (2) between bookmark levels is greater 
(hyperref)                than one, level fixed on input line 193.

! Undefined control sequence.
l.224 \tightlist
                
The control sequence at the end of the top line
of your error message was never \def'ed. If you have
misspelled it (e.g., `\hobx'), type `I' and the correct
spelling (e.g., `I\hbox'). Otherwise just continue,
and I'll forget about whatever was undefined.

[8

]

LaTeX Font Warning: Font shape `TU/IPAexMincho(0)/m/sl' undefined
(Font)              using `TU/IPAexMincho(0)/m/it' instead on input line 296.

[9]
! Undefined control sequence.
l.323 \tightlist
                
The control sequence at the end of the top line
of your error message was never \def'ed. If you have
misspelled it (e.g., `\hobx'), type `I' and the correct
spelling (e.g., `I\hbox'). Otherwise just continue,
and I'll forget about whatever was undefined.


LaTeX Font Warning: Font shape `TU/IPAexMincho(0)/m/sl' undefined
(Font)              using `TU/IPAexMincho(0)/m/it' instead on input line 357.


Overfull \hbox (22.7142pt too wide) has occurred while \output is active
\TU/IPAexMincho(0)/m/it/12 10 CHAPTER 4.  第1章：$\OML/cmm/m/it/12 dx$ \TU/IPAexMi
ncho(0)/m/it/12 とは何か —— ベクトルを食べる測定器、あるいは横ベクトル
 []

[10]

LaTeX Font Warning: Font shape `TU/IPAexMincho(0)/m/sl' undefined
(Font)              using `TU/IPAexMincho(0)/m/it' instead on input line 435.

[11

]
! Undefined control sequence.
l.453 \tightlist
                
The control sequence at the end of the top line
of your error message was never \def'ed. If you have
misspelled it (e.g., `\hobx'), type `I' and the correct
spelling (e.g., `I\hbox'). Otherwise just continue,
and I'll forget about whatever was undefined.


LaTeX Font Warning: Font shape `TU/IPAexMincho(0)/m/sl' undefined
(Font)              using `TU/IPAexMincho(0)/m/it' instead on input line 522.


Overfull \hbox (22.7142pt too wide) has occurred while \output is active
\TU/IPAexMincho(0)/m/it/12 12 CHAPTER 4.  第1章：$\OML/cmm/m/it/12 dx$ \TU/IPAexMi
ncho(0)/m/it/12 とは何か —— ベクトルを食べる測定器、あるいは横ベクトル
 []

[12]
! Undefined control sequence.
l.588 \tightlist
                
The control sequence at the end of the top line
of your error message was never \def'ed. If you have
misspelled it (e.g., `\hobx'), type `I' and the correct
spelling (e.g., `I\hbox'). Otherwise just continue,
and I'll forget about whatever was undefined.


LaTeX Font Warning: Font shape `TU/IPAexMincho(0)/m/sl' undefined
(Font)              using `TU/IPAexMincho(0)/m/it' instead on input line 602.

[13]

LaTeX Font Warning: Font shape `TU/IPAexMincho(0)/m/sl' undefined
(Font)              using `TU/IPAexMincho(0)/m/it' instead on input line 670.


Overfull \hbox (22.7142pt too wide) has occurred while \output is active
\TU/IPAexMincho(0)/m/it/12 14 CHAPTER 4.  第1章：$\OML/cmm/m/it/12 dx$ \TU/IPAexMi
ncho(0)/m/it/12 とは何か —— ベクトルを食べる測定器、あるいは横ベクトル
 []

[14]

LaTeX Font Warning: Font shape `TU/IPAexMincho(0)/m/sl' undefined
(Font)              using `TU/IPAexMincho(0)/m/it' instead on input line 736.

[15]
! Missing { inserted.
<to be read again> 
                   \discretionary 
l.786 より正確には、第4章で述べる引き戻しの記法を使って、\(\gamma^\*
                                           (dx)=\gamma'(t)\,dt\)
A left brace was mandatory here, so I've put one in.
You might want to delete and/or insert some corrections
so that I will find a matching right brace soon.
(If you're confused by all this, try typing `I}' now.)

! Missing } inserted.
<inserted text> 
                }
l.786 ...しの記法を使って、\(\gamma^\*(dx)=\gamma'(t)\,dt\)
                                                  
I've inserted something that you may have forgotten.
(See the <inserted text> above.)
With luck, this will get me unwedged. But if you
really didn't forget anything, try typing `2' now; then
my insertion and my current dilemma will both disappear.


LaTeX Font Warning: Font shape `TU/IPAexMincho(0)/m/sl' undefined
(Font)              using `TU/IPAexMincho(0)/m/it' instead on input line 793.


Overfull \hbox (22.7142pt too wide) has occurred while \output is active
\TU/IPAexMincho(0)/m/it/12 16 CHAPTER 4.  第1章：$\OML/cmm/m/it/12 dx$ \TU/IPAexMi
ncho(0)/m/it/12 とは何か —— ベクトルを食べる測定器、あるいは横ベクトル
 []

[16]

LaTeX Font Warning: Font shape `TU/IPAexMincho(0)/m/sl' undefined
(Font)              using `TU/IPAexMincho(0)/m/it' instead on input line 875.

[17]
Overfull \hbox (1.19328pt too wide) detected at line 882
\OT1/cmr/m/n/12 ^^A\OML/cmm/m/it/12 f \OT1/cmr/m/n/12 = \OML/cmm/m/it/12 f\OT1/
cmr/m/n/12 (\OML/cmm/m/it/12 x \OT1/cmr/m/n/12 + ^^A\OML/cmm/m/it/12 x;  y \OT1
/cmr/m/n/12 + ^^A\OML/cmm/m/it/12 y;  z \OT1/cmr/m/n/12 + ^^A\OML/cmm/m/it/12 z
\OT1/cmr/m/n/12 ) \OMS/cmsy/m/n/12 ^^@ \OML/cmm/m/it/12 f\OT1/cmr/m/n/12 (\OML/
cmm/m/it/12 x; y; z\OT1/cmr/m/n/12 ) = [] ^^A\OML/cmm/m/it/12 x \OT1/cmr/m/n/12
 + [] ^^A\OML/cmm/m/it/12 y \OT1/cmr/m/n/12 + [] ^^A\OML/cmm/m/it/12 z \OT1/cmr
/m/n/12 + \OML/cmm/m/it/12 o\OT1/cmr/m/n/12 (\OMS/cmsy/m/n/12 k[]k\OT1/cmr/m/n/
12 ) (\OMS/cmsy/m/n/12 k[]k ! \OT1/cmr/m/n/12 0)
 []


LaTeX Font Warning: Font shape `TU/IPAexMincho(0)/m/sl' undefined
(Font)              using `TU/IPAexMincho(0)/m/it' instead on input line 928.


Overfull \hbox (22.7142pt too wide) has occurred while \output is active
\TU/IPAexMincho(0)/m/it/12 18 CHAPTER 4.  第1章：$\OML/cmm/m/it/12 dx$ \TU/IPAexMi
ncho(0)/m/it/12 とは何か —— ベクトルを食べる測定器、あるいは横ベクトル
 []

[18]
Overfull \hbox (5.09834pt too wide) in paragraph at lines 942--948
[]\TU/IPAexMincho(0)/m/it/12 【こ こ ま で の チ ェ ッ ク ポ イ ン ト】 - 微 分 可 能 性 は $\OT1/cm
r/m/n/12 ^^A\OML/cmm/m/it/12 f \OT1/cmr/m/n/12 = \OML/cmm/m/it/12 f[]\OT1/cmr/m
/n/12 (\OML/cmm/m/it/12 x\OT1/cmr/m/n/12 )^^A\OML/cmm/m/it/12 x \OT1/cmr/m/n/12
 + \OML/cmm/m/it/12 o\OT1/cmr/m/n/12 (\OMS/cmsy/m/n/12 j\OT1/cmr/m/n/12 ^^A\OML
/cmm/m/it/12 x\OMS/cmsy/m/n/12 j\OT1/cmr/m/n/12 )$\TU/IPAexMincho(0)/m/it/12 （$
\OML/cmm/m/it/12 o$
 []


LaTeX Font Warning: Font shape `TU/IPAexMincho(0)/m/sl' undefined
(Font)              using `TU/IPAexMincho(0)/m/it' instead on input line 986.

[19]

LaTeX Font Warning: Font shape `TU/IPAexMincho(0)/m/sl' undefined
(Font)              using `TU/IPAexMincho(0)/m/it' instead on input line 1051.


Overfull \hbox (22.7142pt too wide) has occurred while \output is active
\TU/IPAexMincho(0)/m/it/12 20 CHAPTER 4.  第1章：$\OML/cmm/m/it/12 dx$ \TU/IPAexMi
ncho(0)/m/it/12 とは何か —— ベクトルを食べる測定器、あるいは横ベクトル
 []

[20]

LaTeX Font Warning: Font shape `TU/IPAexMincho(0)/m/sl' undefined
(Font)              using `TU/IPAexMincho(0)/m/it' instead on input line 1147.

[21]

LaTeX Font Warning: Font shape `TU/IPAexMincho(0)/m/sl' undefined
(Font)              using `TU/IPAexMincho(0)/m/it' instead on input line 1266.


Overfull \hbox (22.7142pt too wide) has occurred while \output is active
\TU/IPAexMincho(0)/m/it/12 22 CHAPTER 4.  第1章：$\OML/cmm/m/it/12 dx$ \TU/IPAexMi
ncho(0)/m/it/12 とは何か —— ベクトルを食べる測定器、あるいは横ベクトル
 []

[22]

LaTeX Font Warning: Font shape `TU/IPAexMincho(0)/m/sl' undefined
(Font)              using `TU/IPAexMincho(0)/m/it' instead on input line 1362.

[23]

LaTeX Font Warning: Font shape `TU/IPAexMincho(0)/m/sl' undefined
(Font)              using `TU/IPAexMincho(0)/m/it' instead on input line 1427.


Overfull \hbox (22.7142pt too wide) has occurred while \output is active
\TU/IPAexMincho(0)/m/it/12 24 CHAPTER 4.  第1章：$\OML/cmm/m/it/12 dx$ \TU/IPAexMi
ncho(0)/m/it/12 とは何か —— ベクトルを食べる測定器、あるいは横ベクトル
 []

[24]
! Undefined control sequence.
l.1484 \tightlist
                 
The control sequence at the end of the top line
of your error message was never \def'ed. If you have
misspelled it (e.g., `\hobx'), type `I' and the correct
spelling (e.g., `I\hbox'). Otherwise just continue,
and I'll forget about whatever was undefined.


LaTeX Font Warning: Font shape `TU/IPAexMincho(0)/m/sl' undefined
(Font)              using `TU/IPAexMincho(0)/m/it' instead on input line 1510.

[25]

LaTeX Font Warning: Font shape `TU/IPAexMincho(0)/m/sl' undefined
(Font)              using `TU/IPAexMincho(0)/m/it' instead on input line 1591.


Overfull \hbox (22.7142pt too wide) has occurred while \output is active
\TU/IPAexMincho(0)/m/it/12 26 CHAPTER 4.  第1章：$\OML/cmm/m/it/12 dx$ \TU/IPAexMi
ncho(0)/m/it/12 とは何か —— ベクトルを食べる測定器、あるいは横ベクトル
 []

[26]

LaTeX Font Warning: Font shape `TU/IPAexMincho(0)/m/sl' undefined
(Font)              using `TU/IPAexMincho(0)/m/it' instead on input line 1689.

[27]

LaTeX Font Warning: Font shape `TU/IPAexMincho(0)/m/sl' undefined
(Font)              using `TU/IPAexMincho(0)/m/it' instead on input line 1703.


Overfull \hbox (22.7142pt too wide) has occurred while \output is active
\TU/IPAexMincho(0)/m/it/12 28 CHAPTER 4.  第1章：$\OML/cmm/m/it/12 dx$ \TU/IPAexMi
ncho(0)/m/it/12 とは何か —— ベクトルを食べる測定器、あるいは横ベクトル
 []

[28]
Chapter 5.
[29

]

LaTeX Font Warning: Font shape `TU/IPAexMincho(0)/m/sl' undefined
(Font)              using `TU/IPAexMincho(0)/m/it' instead on input line 1758.

[30]
Chapter 6.

LaTeX Font Warning: Font shape `TU/IPAexMincho(0)/b/it' undefined
(Font)              using `TU/IPAexMincho(0)/b/n' instead on input line 1768.

[31

]

LaTeX Font Warning: Font shape `TU/IPAexMincho(0)/m/sl' undefined
(Font)              using `TU/IPAexMincho(0)/m/it' instead on input line 1817.

[32]
Chapter 7.
[33

]

LaTeX Font Warning: Font shape `TU/IPAexMincho(0)/m/sl' undefined
(Font)              using `TU/IPAexMincho(0)/m/it' instead on input line 1897.

[34]

LaTeX Font Warning: Font shape `TU/IPAexMincho(0)/m/sl' undefined
(Font)              using `TU/IPAexMincho(0)/m/it' instead on input line 1943.

[35]

LaTeX Font Warning: Font shape `TU/IPAexMincho(0)/m/sl' undefined
(Font)              using `TU/IPAexMincho(0)/m/it' instead on input line 1998.

[36]

LaTeX Font Warning: Font shape `TU/IPAexMincho(0)/m/sl' undefined
(Font)              using `TU/IPAexMincho(0)/m/it' instead on input line 2040.

[37] (preview/manuscript_preview.aux)
 ***********
LaTeX2e <2023-11-01> patch level 1
L3 programming layer <2024-01-22>
 ***********


LaTeX Font Warning: Some font shapes were not available, defaults substituted.

Package rerunfilecheck Info: File `manuscript_preview.out' has not changed.
(rerunfilecheck)             Checksum: F7F78447823104C5FD4D46AF975CFC99;4108.
 ) 
Here is how much of TeX's memory you used:
 13071 strings out of 476878
 252042 string characters out of 5805249
 1944627 words of memory out of 5000000
 34788 multiletter control sequences out of 15000+600000
 579396 words of font info for 144 fonts, out of 8000000 for 9000
 14 hyphenation exceptions out of 8191
 79i,9n,93p,513b,426s stack positions out of 10000i,1000n,20000p,200000b,200000s

Output written on preview/manuscript_preview.pdf (37 pages).
