This is XeTeX, Version 3.141592653-2.6-0.999995 (TeX Live 2023/Debian) (preloaded format=xelatex 2026.4.30)  3 MAY 2026 01:08
entering extended mode
 restricted \write18 enabled.
 %&-line parsing enabled.
**exports/manuscript.tex
(./exports/manuscript.tex
LaTeX2e <2023-11-01> patch level 1
L3 programming layer <2024-01-22>
(/usr/share/texlive/texmf-dist/tex/latex/base/book.cls
Document Class: book 2023/05/17 v1.4n Standard LaTeX document class
(/usr/share/texlive/texmf-dist/tex/latex/base/bk12.clo
File: bk12.clo 2023/05/17 v1.4n Standard LaTeX file (size option)
)
\c@part=\count183
\c@chapter=\count184
\c@section=\count185
\c@subsection=\count186
\c@subsubsection=\count187
\c@paragraph=\count188
\c@subparagraph=\count189
\c@figure=\count190
\c@table=\count191
\abovecaptionskip=\skip48
\belowcaptionskip=\skip49
\bibindent=\dimen140
)
(/usr/share/texlive/texmf-dist/tex/latex/amsmath/amsmath.sty
Package: amsmath 2023/05/13 v2.17o AMS math features
\@mathmargin=\skip50

For additional information on amsmath, use the `?' option.
(/usr/share/texlive/texmf-dist/tex/latex/amsmath/amstext.sty
Package: amstext 2021/08/26 v2.01 AMS text

(/usr/share/texlive/texmf-dist/tex/latex/amsmath/amsgen.sty
File: amsgen.sty 1999/11/30 v2.0 generic functions
\@emptytoks=\toks17
\ex@=\dimen141
))
(/usr/share/texlive/texmf-dist/tex/latex/amsmath/amsbsy.sty
Package: amsbsy 1999/11/29 v1.2d Bold Symbols
\pmbraise@=\dimen142
)
(/usr/share/texlive/texmf-dist/tex/latex/amsmath/amsopn.sty
Package: amsopn 2022/04/08 v2.04 operator names
)
\inf@bad=\count192
LaTeX Info: Redefining \frac on input line 234.
\uproot@=\count193
\leftroot@=\count194
LaTeX Info: Redefining \overline on input line 399.
LaTeX Info: Redefining \colon on input line 410.
\classnum@=\count195
\DOTSCASE@=\count196
LaTeX Info: Redefining \ldots on input line 496.
LaTeX Info: Redefining \dots on input line 499.
LaTeX Info: Redefining \cdots on input line 620.
\Mathstrutbox@=\box51
\strutbox@=\box52
LaTeX Info: Redefining \big on input line 722.
LaTeX Info: Redefining \Big on input line 723.
LaTeX Info: Redefining \bigg on input line 724.
LaTeX Info: Redefining \Bigg on input line 725.
\big@size=\dimen143
LaTeX Font Info:    Redeclaring font encoding OML on input line 743.
LaTeX Font Info:    Redeclaring font encoding OMS on input line 744.
\macc@depth=\count197
LaTeX Info: Redefining \bmod on input line 905.
LaTeX Info: Redefining \pmod on input line 910.
LaTeX Info: Redefining \smash on input line 940.
LaTeX Info: Redefining \relbar on input line 970.
LaTeX Info: Redefining \Relbar on input line 971.
\c@MaxMatrixCols=\count198
\dotsspace@=\muskip16
\c@parentequation=\count199
\dspbrk@lvl=\count266
\tag@help=\toks18
\row@=\count267
\column@=\count268
\maxfields@=\count269
\andhelp@=\toks19
\eqnshift@=\dimen144
\alignsep@=\dimen145
\tagshift@=\dimen146
\tagwidth@=\dimen147
\totwidth@=\dimen148
\lineht@=\dimen149
\@envbody=\toks20
\multlinegap=\skip51
\multlinetaggap=\skip52
\mathdisplay@stack=\toks21
LaTeX Info: Redefining \[ on input line 2953.
LaTeX Info: Redefining \] on input line 2954.
)
(/usr/share/texlive/texmf-dist/tex/latex/amsfonts/amssymb.sty
Package: amssymb 2013/01/14 v3.01 AMS font symbols

(/usr/share/texlive/texmf-dist/tex/latex/amsfonts/amsfonts.sty
Package: amsfonts 2013/01/14 v3.01 Basic AMSFonts support
\symAMSa=\mathgroup4
\symAMSb=\mathgroup5
LaTeX Font Info:    Redeclaring math symbol \hbar on input line 98.
LaTeX Font Info:    Overwriting math alphabet `\mathfrak' in version `bold'
(Font)                  U/euf/m/n --> U/euf/b/n on input line 106.
))
(/usr/share/texlive/texmf-dist/tex/latex/tools/bm.sty
Package: bm 2023/07/08 v1.2f Bold Symbol Support (DPC/FMi)
\symboldoperators=\mathgroup6
\symboldletters=\mathgroup7
\symboldsymbols=\mathgroup8
Package bm Info: No bold for \OMX/cmex/m/n, using \pmb.
Package bm Info: No bold for \U/msa/m/n, using \pmb.
Package bm Info: No bold for \U/msb/m/n, using \pmb.
LaTeX Font Info:    Redeclaring math alphabet \mathbf on input line 149.
)
(/usr/share/texlive/texmf-dist/tex/latex/esint/esint.sty
Package: esint 
\symlargesymbolsA=\mathgroup9
)
(/usr/share/texlive/texmf-dist/tex/latex/cancel/cancel.sty
Package: cancel 2013/04/12 v2.2 Cancel math terms
)
(/usr/share/texlive/texmf-dist/tex/latex/fontspec/fontspec.sty
(/usr/share/texlive/texmf-dist/tex/latex/l3packages/xparse/xparse.sty
(/usr/share/texlive/texmf-dist/tex/latex/l3kernel/expl3.sty
Package: expl3 2024-01-22 L3 programming layer (loader) 

(/usr/share/texlive/texmf-dist/tex/latex/l3backend/l3backend-xetex.def
File: l3backend-xetex.def 2024-01-04 L3 backend support: XeTeX
\g__graphics_track_int=\count270
\l__pdf_internal_box=\box53
\g__pdf_backend_object_int=\count271
\g__pdf_backend_annotation_int=\count272
\g__pdf_backend_link_int=\count273
))
Package: xparse 2023-10-10 L3 Experimental document command parser
)
Package: fontspec 2022/01/15 v2.8a Font selection for XeLaTeX and LuaLaTeX

(/usr/share/texlive/texmf-dist/tex/latex/fontspec/fontspec-xetex.sty
Package: fontspec-xetex 2022/01/15 v2.8a Font selection for XeLaTeX and LuaLaTe
X
\l__fontspec_script_int=\count274
\l__fontspec_language_int=\count275
\l__fontspec_strnum_int=\count276
\l__fontspec_tmp_int=\count277
\l__fontspec_tmpa_int=\count278
\l__fontspec_tmpb_int=\count279
\l__fontspec_tmpc_int=\count280
\l__fontspec_em_int=\count281
\l__fontspec_emdef_int=\count282
\l__fontspec_strong_int=\count283
\l__fontspec_strongdef_int=\count284
\l__fontspec_tmpa_dim=\dimen150
\l__fontspec_tmpb_dim=\dimen151
\l__fontspec_tmpc_dim=\dimen152

(/usr/share/texlive/texmf-dist/tex/latex/base/fontenc.sty
Package: fontenc 2021/04/29 v2.0v Standard LaTeX package
)
(/usr/share/texlive/texmf-dist/tex/latex/fontspec/fontspec.cfg)))

Package fontspec Info: Could not resolve font "IPAexMincho/I" (it probably
(fontspec)             doesn't exist).


Package fontspec Info: Could not resolve font "IPAexMincho/BI" (it probably
(fontspec)             doesn't exist).


Package fontspec Info: Could not resolve font "IPAexMincho/I" (it probably
(fontspec)             doesn't exist).


Package fontspec Info: Font family 'IPAexMincho(0)' created for font
(fontspec)             'IPAexMincho' with options
(fontspec)             [Ligatures=TeX,AutoFakeBold=1.5,Ligatures=TeX].
(fontspec)              
(fontspec)              This font family consists of the following NFSS
(fontspec)             series/shapes:
(fontspec)              
(fontspec)             - 'normal' (m/n) with NFSS spec.:
(fontspec)             <->"IPAexMincho/OT:script=latn;language=dflt;mapping=tex
-text;"
(fontspec)             - 'small caps'  (m/sc) with NFSS spec.: 
(fontspec)             - 'bold' (b/n) with NFSS spec.:
(fontspec)             <->"IPAexMincho/OT:script=latn;language=dflt;embolden=1.
5;mapping=tex-text;"
(fontspec)             - 'bold small caps'  (b/sc) with NFSS spec.: 


Package fontspec Info: Could not resolve font "IPAexGothic/BI" (it probably
(fontspec)             doesn't exist).


Package fontspec Info: Could not resolve font "IPAexGothic/B" (it probably
(fontspec)             doesn't exist).


Package fontspec Info: Could not resolve font "IPAexGothic/I" (it probably
(fontspec)             doesn't exist).


Package fontspec Info: Font family 'IPAexGothic(0)' created for font
(fontspec)             'IPAexGothic' with options
(fontspec)             [Ligatures=TeX,Ligatures=TeX].
(fontspec)              
(fontspec)              This font family consists of the following NFSS
(fontspec)             series/shapes:
(fontspec)              
(fontspec)             - 'normal' (m/n) with NFSS spec.:
(fontspec)             <->"IPAexGothic/OT:script=latn;language=dflt;mapping=tex
-text;"
(fontspec)             - 'small caps'  (m/sc) with NFSS spec.: 


Package fontspec Info: Could not resolve font "IPAexGothic/BI" (it probably
(fontspec)             doesn't exist).


Package fontspec Info: Could not resolve font "IPAexGothic/B" (it probably
(fontspec)             doesn't exist).


Package fontspec Info: Could not resolve font "IPAexGothic/I" (it probably
(fontspec)             doesn't exist).


Package fontspec Info: Font family 'IPAexGothic(1)' created for font
(fontspec)             'IPAexGothic' with options
(fontspec)             [WordSpace={1,0,0},HyphenChar=None,PunctuationSpace=Word
Space,Ligatures=TeX].
(fontspec)              
(fontspec)              This font family consists of the following NFSS
(fontspec)             series/shapes:
(fontspec)              
(fontspec)             - 'normal' (m/n) with NFSS spec.:
(fontspec)             <->"IPAexGothic/OT:script=latn;language=dflt;mapping=tex
-text;"
(fontspec)             - 'small caps'  (m/sc) with NFSS spec.: 
(fontspec)             and font adjustment code:
(fontspec)             \fontdimen 2\font =1\fontdimen 2\font \fontdimen 3\font
(fontspec)             =0\fontdimen 3\font \fontdimen 4\font =0\fontdimen
(fontspec)             4\font \fontdimen 7\font =0\fontdimen 2\font
(fontspec)             \tex_hyphenchar:D \font =-1\scan_stop: 


Package fontspec Info: Font family 'IPAexGothic(2)' created for font
(fontspec)             'IPAexGothic' with options
(fontspec)             [BoldFont={},ItalicFont={},SmallCapsFont={},AutoFakeBold
=4.0].
(fontspec)              
(fontspec)              This font family consists of the following NFSS
(fontspec)             series/shapes:
(fontspec)              
(fontspec)             - 'normal' (m/n) with NFSS spec.:
(fontspec)             <->"IPAexGothic/OT:script=latn;language=dflt;"
(fontspec)             - 'small caps'  (m/sc) with NFSS spec.: 
(fontspec)             - 'bold' (b/n) with NFSS spec.:
(fontspec)             <->"IPAexGothic/OT:script=latn;language=dflt;embolden=4.
0;"
(fontspec)             - 'bold small caps'  (b/sc) with NFSS spec.: 


(/usr/share/texlive/texmf-dist/tex/latex/geometry/geometry.sty
Package: geometry 2020/01/02 v5.9 Page Geometry

(/usr/share/texlive/texmf-dist/tex/latex/graphics/keyval.sty
Package: keyval 2022/05/29 v1.15 key=value parser (DPC)
\KV@toks@=\toks22
)
(/usr/share/texlive/texmf-dist/tex/generic/iftex/ifvtex.sty
Package: ifvtex 2019/10/25 v1.7 ifvtex legacy package. Use iftex instead.

(/usr/share/texlive/texmf-dist/tex/generic/iftex/iftex.sty
Package: iftex 2022/02/03 v1.0f TeX engine tests
))
\Gm@cnth=\count285
\Gm@cntv=\count286
\c@Gm@tempcnt=\count287
\Gm@bindingoffset=\dimen153
\Gm@wd@mp=\dimen154
\Gm@odd@mp=\dimen155
\Gm@even@mp=\dimen156
\Gm@layoutwidth=\dimen157
\Gm@layoutheight=\dimen158
\Gm@layouthoffset=\dimen159
\Gm@layoutvoffset=\dimen160
\Gm@dimlist=\toks23
)
(/usr/share/texlive/texmf-dist/tex/latex/fancyhdr/fancyhdr.sty
Package: fancyhdr 2022/11/09 v4.1 Extensive control of page headers and footers

\f@nch@headwidth=\skip53
\f@nch@O@elh=\skip54
\f@nch@O@erh=\skip55
\f@nch@O@olh=\skip56
\f@nch@O@orh=\skip57
\f@nch@O@elf=\skip58
\f@nch@O@erf=\skip59
\f@nch@O@olf=\skip60
\f@nch@O@orf=\skip61
)
(/usr/share/texlive/texmf-dist/tex/latex/hyperref/hyperref.sty
Package: hyperref 2024-01-20 v7.01h Hypertext links for LaTeX

(/usr/share/texlive/texmf-dist/tex/latex/kvsetkeys/kvsetkeys.sty
Package: kvsetkeys 2022-10-05 v1.19 Key value parser (HO)
)
(/usr/share/texlive/texmf-dist/tex/generic/kvdefinekeys/kvdefinekeys.sty
Package: kvdefinekeys 2019-12-19 v1.6 Define keys (HO)
)
(/usr/share/texlive/texmf-dist/tex/generic/pdfescape/pdfescape.sty
Package: pdfescape 2019/12/09 v1.15 Implements pdfTeX's escape features (HO)

(/usr/share/texlive/texmf-dist/tex/generic/ltxcmds/ltxcmds.sty
Package: ltxcmds 2023-12-04 v1.26 LaTeX kernel commands for general use (HO)
)
(/usr/share/texlive/texmf-dist/tex/generic/pdftexcmds/pdftexcmds.sty
Package: pdftexcmds 2020-06-27 v0.33 Utility functions of pdfTeX for LuaTeX (HO
)

(/usr/share/texlive/texmf-dist/tex/generic/infwarerr/infwarerr.sty
Package: infwarerr 2019/12/03 v1.5 Providing info/warning/error messages (HO)
)
Package pdftexcmds Info: \pdf@primitive is available.
Package pdftexcmds Info: \pdf@ifprimitive is available.
Package pdftexcmds Info: \pdfdraftmode not found.
))
(/usr/share/texlive/texmf-dist/tex/latex/hycolor/hycolor.sty
Package: hycolor 2020-01-27 v1.10 Color options for hyperref/bookmark (HO)
)
(/usr/share/texlive/texmf-dist/tex/latex/auxhook/auxhook.sty
Package: auxhook 2019-12-17 v1.6 Hooks for auxiliary files (HO)
)
(/usr/share/texlive/texmf-dist/tex/latex/hyperref/nameref.sty
Package: nameref 2023-11-26 v2.56 Cross-referencing by name of section

(/usr/share/texlive/texmf-dist/tex/latex/refcount/refcount.sty
Package: refcount 2019/12/15 v3.6 Data extraction from label references (HO)
)
(/usr/share/texlive/texmf-dist/tex/generic/gettitlestring/gettitlestring.sty
Package: gettitlestring 2019/12/15 v1.6 Cleanup title references (HO)

(/usr/share/texlive/texmf-dist/tex/latex/kvoptions/kvoptions.sty
Package: kvoptions 2022-06-15 v3.15 Key value format for package options (HO)
))
\c@section@level=\count288
)
(/usr/share/texlive/texmf-dist/tex/latex/etoolbox/etoolbox.sty
Package: etoolbox 2020/10/05 v2.5k e-TeX tools for LaTeX (JAW)
\etb@tempcnta=\count289
)
\@linkdim=\dimen161
\Hy@linkcounter=\count290
\Hy@pagecounter=\count291

(/usr/share/texlive/texmf-dist/tex/latex/hyperref/pd1enc.def
File: pd1enc.def 2024-01-20 v7.01h Hyperref: PDFDocEncoding definition (HO)
)
(/usr/share/texlive/texmf-dist/tex/generic/intcalc/intcalc.sty
Package: intcalc 2019/12/15 v1.3 Expandable calculations with integers (HO)
)
\Hy@SavedSpaceFactor=\count292

(/usr/share/texlive/texmf-dist/tex/latex/hyperref/puenc.def
File: puenc.def 2024-01-20 v7.01h Hyperref: PDF Unicode definition (HO)
)
Package hyperref Info: Hyper figures OFF on input line 4179.
Package hyperref Info: Link nesting OFF on input line 4184.
Package hyperref Info: Hyper index ON on input line 4187.
Package hyperref Info: Plain pages OFF on input line 4194.
Package hyperref Info: Backreferencing OFF on input line 4199.
Package hyperref Info: Implicit mode ON; LaTeX internals redefined.
Package hyperref Info: Bookmarks ON on input line 4446.
\c@Hy@tempcnt=\count293

(/usr/share/texlive/texmf-dist/tex/latex/url/url.sty
\Urlmuskip=\muskip17
Package: url 2013/09/16  ver 3.4  Verb mode for urls, etc.
)
LaTeX Info: Redefining \url on input line 4784.
\XeTeXLinkMargin=\dimen162

(/usr/share/texlive/texmf-dist/tex/generic/bitset/bitset.sty
Package: bitset 2019/12/09 v1.3 Handle bit-vector datatype (HO)

(/usr/share/texlive/texmf-dist/tex/generic/bigintcalc/bigintcalc.sty
Package: bigintcalc 2019/12/15 v1.5 Expandable calculations on big integers (HO
)
))
\Fld@menulength=\count294
\Field@Width=\dimen163
\Fld@charsize=\dimen164
Package hyperref Info: Hyper figures OFF on input line 6063.
Package hyperref Info: Link nesting OFF on input line 6068.
Package hyperref Info: Hyper index ON on input line 6071.
Package hyperref Info: backreferencing OFF on input line 6078.
Package hyperref Info: Link coloring OFF on input line 6083.
Package hyperref Info: Link coloring with OCG OFF on input line 6088.
Package hyperref Info: PDF/A mode OFF on input line 6093.

(/usr/share/texlive/texmf-dist/tex/latex/base/atbegshi-ltx.sty
Package: atbegshi-ltx 2021/01/10 v1.0c Emulation of the original atbegshi
package with kernel methods
)
\Hy@abspage=\count295
\c@Item=\count296
\c@Hfootnote=\count297
)
Package hyperref Info: Driver (autodetected): hxetex.

(/usr/share/texlive/texmf-dist/tex/latex/hyperref/hxetex.def
File: hxetex.def 2024-01-20 v7.01h Hyperref driver for XeTeX

(/usr/share/texlive/texmf-dist/tex/generic/stringenc/stringenc.sty
Package: stringenc 2019/11/29 v1.12 Convert strings between diff. encodings (HO
)
)
\pdfm@box=\box54
\c@Hy@AnnotLevel=\count298
\HyField@AnnotCount=\count299
\Fld@listcount=\count300
\c@bookmark@seq@number=\count301

(/usr/share/texlive/texmf-dist/tex/latex/rerunfilecheck/rerunfilecheck.sty
Package: rerunfilecheck 2022-07-10 v1.10 Rerun checks for auxiliary files (HO)

(/usr/share/texlive/texmf-dist/tex/latex/base/atveryend-ltx.sty
Package: atveryend-ltx 2020/08/19 v1.0a Emulation of the original atveryend pac
kage
with kernel methods
)
(/usr/share/texlive/texmf-dist/tex/generic/uniquecounter/uniquecounter.sty
Package: uniquecounter 2019/12/15 v1.4 Provide unlimited unique counter (HO)
)
Package uniquecounter Info: New unique counter `rerunfilecheck' on input line 2
85.
)
\Hy@SectionHShift=\skip62
)
(/usr/share/texlive/texmf-dist/tex/latex/bookmark/bookmark.sty
Package: bookmark 2023-12-10 v1.31 PDF bookmarks (HO)

(/usr/share/texlive/texmf-dist/tex/latex/bookmark/bkm-dvipdfm.def
File: bkm-dvipdfm.def 2023-12-10 v1.31 bookmark driver for dvipdfm (HO)
\BKM@id=\count302
))
Package hyperref Info: Option `colorlinks' set `true' on input line 26.

(/usr/share/texlive/texmf-dist/tex/latex/tools/longtable.sty
Package: longtable 2023-11-01 v4.19 Multi-page Table package (DPC)
\LTleft=\skip63
\LTright=\skip64
\LTpre=\skip65
\LTpost=\skip66
\LTchunksize=\count303
\LTcapwidth=\dimen165
\LT@head=\box55
\LT@firsthead=\box56
\LT@foot=\box57
\LT@lastfoot=\box58
\LT@gbox=\box59
\LT@cols=\count304
\LT@rows=\count305
\c@LT@tables=\count306
\c@LT@chunks=\count307
\LT@p@ftn=\toks24
)
(/usr/share/texlive/texmf-dist/tex/latex/booktabs/booktabs.sty
Package: booktabs 2020/01/12 v1.61803398 Publication quality tables
\heavyrulewidth=\dimen166
\lightrulewidth=\dimen167
\cmidrulewidth=\dimen168
\belowrulesep=\dimen169
\belowbottomsep=\dimen170
\aboverulesep=\dimen171
\abovetopsep=\dimen172
\cmidrulesep=\dimen173
\cmidrulekern=\dimen174
\defaultaddspace=\dimen175
\@cmidla=\count308
\@cmidlb=\count309
\@aboverulesep=\dimen176
\@belowrulesep=\dimen177
\@thisruleclass=\count310
\@lastruleclass=\count311
\@thisrulewidth=\dimen178
)
(/usr/share/texlive/texmf-dist/tex/latex/tools/array.sty
Package: array 2023/10/16 v2.5g Tabular extension package (FMi)
\col@sep=\dimen179
\ar@mcellbox=\box60
\extrarowheight=\dimen180
\NC@list=\toks25
\extratabsurround=\skip67
\backup@length=\skip68
\ar@cellbox=\box61
)
(/usr/share/texlive/texmf-dist/tex/latex/tools/calc.sty
Package: calc 2023/07/08 v4.3 Infix arithmetic (KKT,FJ)
\calc@Acount=\count312
\calc@Bcount=\count313
\calc@Adimen=\dimen181
\calc@Bdimen=\dimen182
\calc@Askip=\skip69
\calc@Bskip=\skip70
LaTeX Info: Redefining \setlength on input line 80.
LaTeX Info: Redefining \addtolength on input line 81.
\calc@Ccount=\count314
\calc@Cskip=\skip71
)
(/usr/share/texlive/texmf-dist/tex/latex/multirow/multirow.sty
Package: multirow 2021/03/15 v2.8 Span multiple rows of a table
\multirow@colwidth=\skip72
\multirow@cntb=\count315
\multirow@dima=\skip73
\bigstrutjot=\dimen183
)
(/usr/share/texlive/texmf-dist/tex/latex/colortbl/colortbl.sty
Package: colortbl 2022/06/20 v1.0f Color table columns (DPC)

(/usr/share/texlive/texmf-dist/tex/latex/graphics/color.sty
Package: color 2022/01/06 v1.3d Standard LaTeX Color (DPC)

(/usr/share/texlive/texmf-dist/tex/latex/graphics-cfg/color.cfg
File: color.cfg 2016/01/02 v1.6 sample color configuration
)
Package color Info: Driver file: xetex.def on input line 149.

(/usr/share/texlive/texmf-dist/tex/latex/graphics-def/xetex.def
File: xetex.def 2022/09/22 v5.0n Graphics/color driver for xetex
)
(/usr/share/texlive/texmf-dist/tex/latex/graphics/mathcolor.ltx))
\everycr=\toks26
\minrowclearance=\skip74
\rownum=\count316
)
(/usr/share/texlive/texmf-dist/tex/latex/graphics/graphicx.sty
Package: graphicx 2021/09/16 v1.2d Enhanced LaTeX Graphics (DPC,SPQR)

(/usr/share/texlive/texmf-dist/tex/latex/graphics/graphics.sty
Package: graphics 2022/03/10 v1.4e Standard LaTeX Graphics (DPC,SPQR)

(/usr/share/texlive/texmf-dist/tex/latex/graphics/trig.sty
Package: trig 2021/08/11 v1.11 sin cos tan (DPC)
)
(/usr/share/texlive/texmf-dist/tex/latex/graphics-cfg/graphics.cfg
File: graphics.cfg 2016/06/04 v1.11 sample graphics configuration
)
Package graphics Info: Driver file: xetex.def on input line 107.
)
\Gin@req@height=\dimen184
\Gin@req@width=\dimen185
)
(/usr/share/texlive/texmf-dist/tex/latex/adjustbox/adjustbox.sty
Package: adjustbox 2022/10/17 v1.3a Adjusting TeX boxes (trim, clip, ...)

(/usr/share/texlive/texmf-dist/tex/latex/xkeyval/xkeyval.sty
Package: xkeyval 2022/06/16 v2.9 package option processing (HA)

(/usr/share/texlive/texmf-dist/tex/generic/xkeyval/xkeyval.tex
(/usr/share/texlive/texmf-dist/tex/generic/xkeyval/xkvutils.tex
\XKV@toks=\toks27
\XKV@tempa@toks=\toks28
)
\XKV@depth=\count317
File: xkeyval.tex 2014/12/03 v2.7a key=value parser (HA)
))
(/usr/share/texlive/texmf-dist/tex/latex/adjustbox/adjcalc.sty
Package: adjcalc 2012/05/16 v1.1 Provides advanced setlength with multiple back
-ends (calc, etex, pgfmath)
)
(/usr/share/texlive/texmf-dist/tex/latex/adjustbox/trimclip.sty
Package: trimclip 2020/08/19 v1.2 Trim and clip general TeX material

(/usr/share/texlive/texmf-dist/tex/latex/collectbox/collectbox.sty
Package: collectbox 2022/10/17 v0.4c Collect macro arguments as boxes
\collectedbox=\box62
)
\tc@llx=\dimen186
\tc@lly=\dimen187
\tc@urx=\dimen188
\tc@ury=\dimen189
Package trimclip Info: Using driver 'tc-xetex.def'.

(/usr/share/texlive/texmf-dist/tex/latex/adjustbox/tc-xetex.def
File: tc-xetex.def 2019/01/04 v2.2 Clipping driver for xetex
))
\adjbox@Width=\dimen190
\adjbox@Height=\dimen191
\adjbox@Depth=\dimen192
\adjbox@Totalheight=\dimen193
\adjbox@pwidth=\dimen194
\adjbox@pheight=\dimen195
\adjbox@pdepth=\dimen196
\adjbox@ptotalheight=\dimen197

(/usr/share/texlive/texmf-dist/tex/latex/ifoddpage/ifoddpage.sty
Package: ifoddpage 2022/10/18 v1.2 Conditionals for odd/even page detection
\c@checkoddpage=\count318
)
(/usr/share/texlive/texmf-dist/tex/latex/varwidth/varwidth.sty
Package: varwidth 2009/03/30 ver 0.92;  Variable-width minipages
\@vwid@box=\box63
\sift@deathcycles=\count319
\@vwid@loff=\dimen198
\@vwid@roff=\dimen199
))
(/usr/share/texlive/texmf-dist/tex/latex/xcolor/xcolor.sty
Package: xcolor 2023/11/15 v3.01 LaTeX color extensions (UK)

(/usr/share/texlive/texmf-dist/tex/latex/graphics-cfg/color.cfg
File: color.cfg 2016/01/02 v1.6 sample color configuration
)
Package xcolor Info: Driver file: xetex.def on input line 274.
LaTeX Info: Redefining \color on input line 758.

(/usr/share/texlive/texmf-dist/tex/latex/graphics/mathcolor.ltx)
Package xcolor Info: Model `cmy' substituted by `cmy0' on input line 1350.
Package xcolor Info: Model `RGB' extended on input line 1366.
Package xcolor Info: Model `HTML' substituted by `rgb' on input line 1368.
Package xcolor Info: Model `Hsb' substituted by `hsb' on input line 1369.
Package xcolor Info: Model `tHsb' substituted by `hsb' on input line 1370.
Package xcolor Info: Model `HSB' substituted by `hsb' on input line 1371.
Package xcolor Info: Model `Gray' substituted by `gray' on input line 1372.
Package xcolor Info: Model `wave' substituted by `hsb' on input line 1373.
)
(/usr/share/texlive/texmf-dist/tex/latex/mdframed/mdframed.sty
Package: mdframed 2013/07/01 1.9b: mdframed

(/usr/share/texlive/texmf-dist/tex/latex/zref/zref-abspage.sty
Package: zref-abspage 2023-09-14 v2.35 Module abspage for zref (HO)

(/usr/share/texlive/texmf-dist/tex/latex/zref/zref-base.sty
Package: zref-base 2023-09-14 v2.35 Module base for zref (HO)

(/usr/share/texlive/texmf-dist/tex/generic/etexcmds/etexcmds.sty
Package: etexcmds 2019/12/15 v1.7 Avoid name clashes with e-TeX commands (HO)
)
Package zref Info: New property list: main on input line 767.
Package zref Info: New property: default on input line 768.
Package zref Info: New property: page on input line 769.
)
\c@abspage=\count320
Package zref Info: New property: abspage on input line 67.
)
(/usr/share/texlive/texmf-dist/tex/latex/needspace/needspace.sty
Package: needspace 2010/09/12 v1.3d reserve vertical space
)
\mdf@templength=\skip75
\c@mdf@globalstyle@cnt=\count321
\mdf@skipabove@length=\skip76
\mdf@skipbelow@length=\skip77
\mdf@leftmargin@length=\skip78
\mdf@rightmargin@length=\skip79
\mdf@innerleftmargin@length=\skip80
\mdf@innerrightmargin@length=\skip81
\mdf@innertopmargin@length=\skip82
\mdf@innerbottommargin@length=\skip83
\mdf@splittopskip@length=\skip84
\mdf@splitbottomskip@length=\skip85
\mdf@outermargin@length=\skip86
\mdf@innermargin@length=\skip87
\mdf@linewidth@length=\skip88
\mdf@innerlinewidth@length=\skip89
\mdf@middlelinewidth@length=\skip90
\mdf@outerlinewidth@length=\skip91
\mdf@roundcorner@length=\skip92
\mdf@footenotedistance@length=\skip93
\mdf@userdefinedwidth@length=\skip94
\mdf@needspace@length=\skip95
\mdf@frametitleaboveskip@length=\skip96
\mdf@frametitlebelowskip@length=\skip97
\mdf@frametitlerulewidth@length=\skip98
\mdf@frametitleleftmargin@length=\skip99
\mdf@frametitlerightmargin@length=\skip100
\mdf@shadowsize@length=\skip101
\mdf@extratopheight@length=\skip102
\mdf@subtitleabovelinewidth@length=\skip103
\mdf@subtitlebelowlinewidth@length=\skip104
\mdf@subtitleaboveskip@length=\skip105
\mdf@subtitlebelowskip@length=\skip106
\mdf@subtitleinneraboveskip@length=\skip107
\mdf@subtitleinnerbelowskip@length=\skip108
\mdf@subsubtitleabovelinewidth@length=\skip109
\mdf@subsubtitlebelowlinewidth@length=\skip110
\mdf@subsubtitleaboveskip@length=\skip111
\mdf@subsubtitlebelowskip@length=\skip112
\mdf@subsubtitleinneraboveskip@length=\skip113
\mdf@subsubtitleinnerbelowskip@length=\skip114

(/usr/share/texlive/texmf-dist/tex/latex/mdframed/md-frame-0.mdf
File: md-frame-0.mdf 2013/07/01\ 1.9b: md-frame-0
)
\mdf@frametitlebox=\box64
\mdf@footnotebox=\box65
\mdf@splitbox@one=\box66
\mdf@splitbox@two=\box67
\mdf@splitbox@save=\box68
\mdfsplitboxwidth=\skip115
\mdfsplitboxtotalwidth=\skip116
\mdfsplitboxheight=\skip117
\mdfsplitboxdepth=\skip118
\mdfsplitboxtotalheight=\skip119
\mdfframetitleboxwidth=\skip120
\mdfframetitleboxtotalwidth=\skip121
\mdfframetitleboxheight=\skip122
\mdfframetitleboxdepth=\skip123
\mdfframetitleboxtotalheight=\skip124
\mdffootnoteboxwidth=\skip125
\mdffootnoteboxtotalwidth=\skip126
\mdffootnoteboxheight=\skip127
\mdffootnoteboxdepth=\skip128
\mdffootnoteboxtotalheight=\skip129
\mdftotallinewidth=\skip130
\mdfboundingboxwidth=\skip131
\mdfboundingboxtotalwidth=\skip132
\mdfboundingboxheight=\skip133
\mdfboundingboxdepth=\skip134
\mdfboundingboxtotalheight=\skip135
\mdf@freevspace@length=\skip136
\mdf@horizontalwidthofbox@length=\skip137
\mdf@verticalmarginwhole@length=\skip138
\mdf@horizontalspaceofbox=\skip139
\mdfsubtitleheight=\skip140
\mdfsubsubtitleheight=\skip141
\c@mdfcountframes=\count322

****** mdframed patching \endmdf@trivlist

****** -- success******

\mdf@envdepth=\count323
\c@mdf@env@i=\count324
\c@mdf@env@ii=\count325
\c@mdf@zref@counter=\count326
Package zref Info: New property: mdf@pagevalue on input line 895.
)
(/usr/share/texlive/texmf-dist/tex/latex/tocloft/tocloft.sty
Package: tocloft 2017/08/31 v2.3i parameterised ToC, etc., typesetting
Package tocloft Info: The document has chapter divisions on input line 51.
\cftparskip=\skip142
\cftbeforetoctitleskip=\skip143
\cftaftertoctitleskip=\skip144
\cftbeforepartskip=\skip145
\cftpartnumwidth=\skip146
\cftpartindent=\skip147
\cftbeforechapskip=\skip148
\cftchapindent=\skip149
\cftchapnumwidth=\skip150
\cftbeforesecskip=\skip151
\cftsecindent=\skip152
\cftsecnumwidth=\skip153
\cftbeforesubsecskip=\skip154
\cftsubsecindent=\skip155
\cftsubsecnumwidth=\skip156
\cftbeforesubsubsecskip=\skip157
\cftsubsubsecindent=\skip158
\cftsubsubsecnumwidth=\skip159
\cftbeforeparaskip=\skip160
\cftparaindent=\skip161
\cftparanumwidth=\skip162
\cftbeforesubparaskip=\skip163
\cftsubparaindent=\skip164
\cftsubparanumwidth=\skip165
\cftbeforeloftitleskip=\skip166
\cftafterloftitleskip=\skip167
\cftbeforefigskip=\skip168
\cftfigindent=\skip169
\cftfignumwidth=\skip170
\c@lofdepth=\count327
\c@lotdepth=\count328
\cftbeforelottitleskip=\skip171
\cftafterlottitleskip=\skip172
\cftbeforetabskip=\skip173
\cfttabindent=\skip174
\cfttabnumwidth=\skip175
)
(/usr/share/texlive/texmf-dist/tex/latex/tools/indentfirst.sty
Package: indentfirst 2023/07/02 v1.03 Indent first paragraph (DPC)
)
LaTeX Info: Redefining \bfseries on input line 49.

No file manuscript.aux.
\openout1 = `manuscript.aux'.

LaTeX Font Info:    Checking defaults for OML/cmm/m/it on input line 94.
LaTeX Font Info:    ... okay on input line 94.
LaTeX Font Info:    Checking defaults for OMS/cmsy/m/n on input line 94.
LaTeX Font Info:    ... okay on input line 94.
LaTeX Font Info:    Checking defaults for OT1/cmr/m/n on input line 94.
LaTeX Font Info:    ... okay on input line 94.
LaTeX Font Info:    Checking defaults for T1/cmr/m/n on input line 94.
LaTeX Font Info:    ... okay on input line 94.
LaTeX Font Info:    Checking defaults for TS1/cmr/m/n on input line 94.
LaTeX Font Info:    Trying to load font information for TS1+cmr on input line 9
4.
(/usr/share/texlive/texmf-dist/tex/latex/base/ts1cmr.fd
File: ts1cmr.fd 2023/04/13 v2.5m Standard LaTeX font definitions
)
LaTeX Font Info:    ... okay on input line 94.
LaTeX Font Info:    Checking defaults for TU/lmr/m/n on input line 94.
LaTeX Font Info:    ... okay on input line 94.
LaTeX Font Info:    Checking defaults for OMX/cmex/m/n on input line 94.
LaTeX Font Info:    ... okay on input line 94.
LaTeX Font Info:    Checking defaults for U/cmr/m/n on input line 94.
LaTeX Font Info:    ... okay on input line 94.
LaTeX Font Info:    Checking defaults for PD1/pdf/m/n on input line 94.
LaTeX Font Info:    ... okay on input line 94.
LaTeX Font Info:    Checking defaults for PU/pdf/m/n on input line 94.
LaTeX Font Info:    ... okay on input line 94.

*geometry* driver: auto-detecting
*geometry* detected driver: xetex
*geometry* verbose mode - [ preamble ] result:
* driver: xetex
* paper: a4paper
* layout: <same size as paper>
* layoutoffset:(h,v)=(0.0pt,0.0pt)
* modes: twoside 
* h-part:(L,W,R)=(71.13188pt, 455.24411pt, 71.13188pt)
* v-part:(T,H,B)=(71.13188pt, 702.78308pt, 71.13188pt)
* \paperwidth=597.50787pt
* \paperheight=845.04684pt
* \textwidth=455.24411pt
* \textheight=702.78308pt
* \oddsidemargin=-1.1381pt
* \evensidemargin=-1.1381pt
* \topmargin=-33.0119pt
* \headheight=12.0pt
* \headsep=19.8738pt
* \topskip=12.0pt
* \footskip=30.0pt
* \marginparwidth=88.0pt
* \marginparsep=7.0pt
* \columnsep=10.0pt
* \skip\footins=10.8pt plus 4.0pt minus 2.0pt
* \hoffset=0.0pt
* \voffset=0.0pt
* \mag=1000
* \@twocolumnfalse
* \@twosidetrue
* \@mparswitchtrue
* \@reversemarginfalse
* (1in=72.27pt=25.4mm, 1cm=28.453pt)

Package hyperref Info: Link coloring ON on input line 94.

Package hyperref Warning: Rerun to get /PageLabels entry.

*geometry* verbose mode - [ newgeometry ] result:
* driver: xetex
* paper: a4paper
* layout: <same size as paper>
* layoutoffset:(h,v)=(0.0pt,0.0pt)
* modes: twoside 
* h-part:(L,W,R)=(113.81102pt, 369.88583pt, 113.81102pt)
* v-part:(T,H,B)=(99.58464pt, 660.10394pt, 85.35826pt)
* \paperwidth=597.50787pt
* \paperheight=845.04684pt
* \textwidth=369.88583pt
* \textheight=660.10394pt
* \oddsidemargin=41.54103pt
* \evensidemargin=41.54103pt
* \topmargin=-4.55914pt
* \headheight=12.0pt
* \headsep=19.8738pt
* \topskip=12.0pt
* \footskip=30.0pt
* \marginparwidth=88.0pt
* \marginparsep=7.0pt
* \columnsep=10.0pt
* \skip\footins=10.8pt plus 4.0pt minus 2.0pt
* \hoffset=0.0pt
* \voffset=0.0pt
* \mag=1000
* \@twocolumnfalse
* \@twosidetrue
* \@mparswitchtrue
* \@reversemarginfalse
* (1in=72.27pt=25.4mm, 1cm=28.453pt)

LaTeX Font Info:    Trying to load font information for U+msa on input line 110
.
(/usr/share/texlive/texmf-dist/tex/latex/amsfonts/umsa.fd
File: umsa.fd 2013/01/14 v3.01 AMS symbols A
)
LaTeX Font Info:    Trying to load font information for U+msb on input line 110
.

(/usr/share/texlive/texmf-dist/tex/latex/amsfonts/umsb.fd
File: umsb.fd 2013/01/14 v3.01 AMS symbols B
)
LaTeX Font Info:    Trying to load font information for U+esint on input line 1
10.

(/usr/share/texlive/texmf-dist/tex/latex/esint/uesint.fd
File: uesint.fd 
)
Overfull \hbox (12.79999pt too wide) in paragraph at lines 117--123
 [][] 
 []

[1



]
No file manuscript.toc.
\tf@toc=\write3
\openout3 = `manuscript.toc'.

[2

] [3

]

Package hyperref Warning: Token not allowed in a PDF string (Unicode):
(hyperref)                removing `math shift' on input line 176.


Package hyperref Warning: Token not allowed in a PDF string (Unicode):
(hyperref)                removing `superscript' on input line 176.


Package hyperref Warning: Token not allowed in a PDF string (Unicode):
(hyperref)                removing `math shift' on input line 176.

[4

]
Chapter 1.
Package mdframed Info: mdframed works in twoside mode on input line 200.

LaTeX Warning: Reference `mdf@pagelabel-1' on page 5 undefined on input line 20
2.

[5

]
Package mdframed Info: mdframed works in twoside mode on input line 210.


LaTeX Warning: Reference `mdf@pagelabel-2' on page 6 undefined on input line 21
2.

Package mdframed Info: mdframed works in twoside mode on input line 214.

LaTeX Warning: Reference `mdf@pagelabel-3' on page 6 undefined on input line 21
6.

Package mdframed Info: mdframed works in twoside mode on input line 226.

LaTeX Warning: Reference `mdf@pagelabel-4' on page 6 undefined on input line 22
8.

[6]
Package mdframed Info: mdframed works in twoside mode on input line 234.


LaTeX Warning: Reference `mdf@pagelabel-5' on page 7 undefined on input line 23
6.

[7]
Package mdframed Info: mdframed works in twoside mode on input line 273.


LaTeX Warning: Reference `mdf@pagelabel-6' on page 8 undefined on input line 28
4.

Package mdframed Info: mdframed works in twoside mode on input line 286.

LaTeX Warning: Reference `mdf@pagelabel-7' on page 8 undefined on input line 28
9.

[8


]
Package mdframed Info: mdframed works in twoside mode on input line 295.
Package mdframed Info: Not enough space on this page on input line 297.


LaTeX Warning: Reference `mdf@pagelabel-8' on page 9 undefined on input line 29
7.

Package mdframed Info: mdframed works in twoside mode on input line 299.
! Missing $ inserted.
<inserted text> 
                $
l.302 \begin{pmatrix}
                     1&0&0\end{pmatrix}
I've inserted a begin-math/end-math symbol since I think
you left one out. Proceed, with fingers crossed.

! Missing $ inserted.
<inserted text> 
                $
l.302 \begin{pmatrix}1&0&0\end{pmatrix}
                                       
I've inserted something that you may have forgotten.
(See the <inserted text> above.)
With luck, this will get me unwedged. But if you
really didn't forget anything, try typing `2' now; then
my insertion and my current dilemma will both disappear.


LaTeX Warning: Reference `mdf@pagelabel-9' on page 9 undefined on input line 30
5.

Package mdframed Info: mdframed works in twoside mode on input line 320.

LaTeX Warning: Reference `mdf@pagelabel-10' on page 9 undefined on input line 3
22.

[9]
Package mdframed Info: mdframed works in twoside mode on input line 336.


LaTeX Warning: Reference `mdf@pagelabel-11' on page 10 undefined on input line 
338.

Package mdframed Info: mdframed works in twoside mode on input line 350.

LaTeX Warning: Reference `mdf@pagelabel-12' on page 10 undefined on input line 
352.

[10]
Package mdframed Info: mdframed works in twoside mode on input line 373.


LaTeX Warning: Reference `mdf@pagelabel-13' on page 11 undefined on input line 
375.

Package mdframed Info: mdframed works in twoside mode on input line 381.

LaTeX Warning: Reference `mdf@pagelabel-14' on page 11 undefined on input line 
394.

Package mdframed Info: mdframed works in twoside mode on input line 406.

LaTeX Warning: Reference `mdf@pagelabel-15' on page 11 undefined on input line 
408.

[11]
Package mdframed Info: mdframed works in twoside mode on input line 437.


LaTeX Warning: Reference `mdf@pagelabel-16' on page 12 undefined on input line 
439.

[12]
Package mdframed Info: mdframed works in twoside mode on input line 447.
Package mdframed Info: Not enough space on this page on input line 449.


LaTeX Warning: Reference `mdf@pagelabel-17' on page 13 undefined on input line 
449.

Package mdframed Info: mdframed works in twoside mode on input line 467.

LaTeX Warning: Reference `mdf@pagelabel-18' on page 13 undefined on input line 
469.

[13]
Package mdframed Info: mdframed works in twoside mode on input line 483.


LaTeX Warning: Reference `mdf@pagelabel-19' on page 14 undefined on input line 
485.

[14]
Package mdframed Info: mdframed works in twoside mode on input line 528.


LaTeX Warning: Reference `mdf@pagelabel-20' on page 15 undefined on input line 
530.


Overfull \hbox (3.02141pt too wide) detected at line 532
\OT1/cmr/m/n/12 ^^A\OML/cmm/m/it/12 f \OT1/cmr/m/n/12 = \OML/cmm/m/it/12 f\OT1/
cmr/m/n/12 (\OML/cmm/m/it/12 x \OT1/cmr/m/n/12 + ^^A\OML/cmm/m/it/12 x;  y \OT1
/cmr/m/n/12 + ^^A\OML/cmm/m/it/12 y;  z \OT1/cmr/m/n/12 + ^^A\OML/cmm/m/it/12 z
\OT1/cmr/m/n/12 ) \OMS/cmsy/m/n/12 ^^@ \OML/cmm/m/it/12 f\OT1/cmr/m/n/12 (\OML/
cmm/m/it/12 x; y; z\OT1/cmr/m/n/12 ) = [] ^^A\OML/cmm/m/it/12 x \OT1/cmr/m/n/12
 + [] ^^A\OML/cmm/m/it/12 y \OT1/cmr/m/n/12 + [] ^^A\OML/cmm/m/it/12 z \OT1/cmr
/m/n/12 + \OML/cmm/m/it/12 o\OT1/cmr/m/n/12 (\OMS/cmsy/m/n/12 k\OT1/cmr/bx/n/12
 v\OMS/cmsy/m/n/12 k\OT1/cmr/m/n/12 ) (\OMS/cmsy/m/n/12 k\OT1/cmr/bx/n/12 v\OMS
/cmsy/m/n/12 k ! \OT1/cmr/m/n/12 0)
 []

[15]
Package mdframed Info: mdframed works in twoside mode on input line 550.


LaTeX Warning: Reference `mdf@pagelabel-21' on page 16 undefined on input line 
552.

[16]
Package mdframed Info: mdframed works in twoside mode on input line 556.
Package mdframed Info: Not enough space on this page on input line 567.


LaTeX Warning: Reference `mdf@pagelabel-22' on page 17 undefined on input line 
567.

Package mdframed Info: mdframed works in twoside mode on input line 575.

LaTeX Warning: Reference `mdf@pagelabel-23' on page 17 undefined on input line 
577.

Package mdframed Info: mdframed works in twoside mode on input line 594.

LaTeX Warning: Reference `mdf@pagelabel-24' on page 17 undefined on input line 
603.

[17]
Package mdframed Info: mdframed works in twoside mode on input line 631.


LaTeX Warning: Reference `mdf@pagelabel-25' on page 18 undefined on input line 
633.

Package mdframed Info: mdframed works in twoside mode on input line 635.

LaTeX Warning: Reference `mdf@pagelabel-26' on page 18 undefined on input line 
637.

[18]

LaTeX Warning: Reference `mdf@pagelabel-27' on page 19 undefined on input line 
637.

Package mdframed Info: mdframed works in twoside mode on input line 651.

LaTeX Warning: Reference `mdf@pagelabel-28' on page 19 undefined on input line 
653.

[19]
Package mdframed Info: mdframed works in twoside mode on input line 659.


LaTeX Warning: Reference `mdf@pagelabel-29' on page 20 undefined on input line 
661.

Package mdframed Info: mdframed works in twoside mode on input line 665.

LaTeX Warning: Reference `mdf@pagelabel-30' on page 20 undefined on input line 
678.

[20] [21]
Package mdframed Info: mdframed works in twoside mode on input line 723.
Package mdframed Info: Not enough space on this page on input line 725.


LaTeX Warning: Reference `mdf@pagelabel-31' on page 22 undefined on input line 
725.

Package mdframed Info: mdframed works in twoside mode on input line 737.

LaTeX Warning: Reference `mdf@pagelabel-32' on page 22 undefined on input line 
748.

[22] [23]
Chapter 2.
[24

]
Package mdframed Info: mdframed works in twoside mode on input line 784.
Package mdframed Info: Not enough space on this page on input line 786.


LaTeX Warning: Reference `mdf@pagelabel-33' on page 25 undefined on input line 
786.

Package mdframed Info: mdframed works in twoside mode on input line 796.

LaTeX Warning: Reference `mdf@pagelabel-34' on page 25 undefined on input line 
798.

[25]
Package mdframed Info: mdframed works in twoside mode on input line 826.


LaTeX Warning: Reference `mdf@pagelabel-35' on page 26 undefined on input line 
828.

Package mdframed Info: mdframed works in twoside mode on input line 830.

LaTeX Warning: Reference `mdf@pagelabel-36' on page 26 undefined on input line 
832.

[26]
Package mdframed Info: mdframed works in twoside mode on input line 842.
Package mdframed Info: Not enough space on this page on input line 844.


LaTeX Warning: Reference `mdf@pagelabel-37' on page 27 undefined on input line 
844.

Package mdframed Info: mdframed works in twoside mode on input line 846.

LaTeX Warning: Reference `mdf@pagelabel-38' on page 27 undefined on input line 
857.

[27]
Package mdframed Info: mdframed works in twoside mode on input line 902.
Package mdframed Info: Not enough space on this page on input line 904.


LaTeX Warning: Reference `mdf@pagelabel-39' on page 28 undefined on input line 
904.

Package mdframed Info: mdframed works in twoside mode on input line 922.

LaTeX Warning: Reference `mdf@pagelabel-40' on page 28 undefined on input line 
924.

[28]
Package mdframed Info: mdframed works in twoside mode on input line 932.


LaTeX Warning: Reference `mdf@pagelabel-41' on page 29 undefined on input line 
945.

[29] [30]
Package mdframed Info: mdframed works in twoside mode on input line 1020.
Package mdframed Info: Not enough space on this page on input line 1022.


LaTeX Warning: Reference `mdf@pagelabel-42' on page 31 undefined on input line 
1022.

[31]
Package mdframed Info: mdframed works in twoside mode on input line 1098.


LaTeX Warning: Reference `mdf@pagelabel-43' on page 32 undefined on input line 
1100.

[32] [33]
Package mdframed Info: mdframed works in twoside mode on input line 1149.


LaTeX Warning: Reference `mdf@pagelabel-44' on page 34 undefined on input line 
1151.

Package mdframed Info: mdframed works in twoside mode on input line 1153.

LaTeX Warning: Reference `mdf@pagelabel-45' on page 34 undefined on input line 
1155.

Package mdframed Info: mdframed works in twoside mode on input line 1159.

LaTeX Warning: Reference `mdf@pagelabel-46' on page 34 undefined on input line 
1170.

[34] [35]

Package longtable Warning: Column widths have changed
(longtable)                in table 2.1 on input line 1225.

Package mdframed Info: mdframed works in twoside mode on input line 1238.

LaTeX Warning: Reference `mdf@pagelabel-47' on page 36 undefined on input line 
1240.

[36] [37]
Package mdframed Info: mdframed works in twoside mode on input line 1287.
Package mdframed Info: Not enough space on this page on input line 1289.


LaTeX Warning: Reference `mdf@pagelabel-48' on page 38 undefined on input line 
1289.

Package mdframed Info: mdframed works in twoside mode on input line 1291.

LaTeX Warning: Reference `mdf@pagelabel-49' on page 38 undefined on input line 
1293.


Package longtable Warning: Column widths have changed
(longtable)                in table 2.2 on input line 1331.

[38]
Package mdframed Info: mdframed works in twoside mode on input line 1349.


LaTeX Warning: Reference `mdf@pagelabel-50' on page 39 undefined on input line 
1351.

Package mdframed Info: mdframed works in twoside mode on input line 1369.

LaTeX Warning: Reference `mdf@pagelabel-51' on page 39 undefined on input line 
1371.

[39]
Package mdframed Info: mdframed works in twoside mode on input line 1383.


LaTeX Warning: Reference `mdf@pagelabel-52' on page 40 undefined on input line 
1385.

[40]
Package mdframed Info: mdframed works in twoside mode on input line 1405.
Package mdframed Info: Not enough space on this page on input line 1407.


LaTeX Warning: Reference `mdf@pagelabel-53' on page 41 undefined on input line 
1407.


Overfull \hbox (8.13475pt too wide) in paragraph at lines 1440--1440
\TU/IPAexMincho(0)/m/n/12 （$\OML/cmm/m/it/12 A[]; A[]; A[]$\TU/IPAexMincho(0)/m
/n/12 ）|  
 []


Overfull \hbox (14.55122pt too wide) in paragraph at lines 1440--1441
[]|$[]$|  
 []

Package mdframed Info: mdframed works in twoside mode on input line 1445.

LaTeX Warning: Reference `mdf@pagelabel-54' on page 41 undefined on input line 
1456.

[41]
Package mdframed Info: mdframed works in twoside mode on input line 1460.


LaTeX Warning: Reference `mdf@pagelabel-55' on page 42 undefined on input line 
1471.

[42]
Package mdframed Info: mdframed works in twoside mode on input line 1495.


LaTeX Warning: Reference `mdf@pagelabel-56' on page 43 undefined on input line 
1497.

[43] [44]
Chapter 3.
[45

]
Package mdframed Info: mdframed works in twoside mode on input line 1607.


LaTeX Warning: Reference `mdf@pagelabel-57' on page 46 undefined on input line 
1609.

Package mdframed Info: mdframed works in twoside mode on input line 1621.

LaTeX Warning: Reference `mdf@pagelabel-58' on page 46 undefined on input line 
1623.

[46] [47]
Package mdframed Info: mdframed works in twoside mode on input line 1667.


LaTeX Warning: Reference `mdf@pagelabel-59' on page 48 undefined on input line 
1669.

Package mdframed Info: mdframed works in twoside mode on input line 1673.

LaTeX Warning: Reference `mdf@pagelabel-60' on page 48 undefined on input line 
1684.

[48]
Package mdframed Info: mdframed works in twoside mode on input line 1708.


LaTeX Warning: Reference `mdf@pagelabel-61' on page 49 undefined on input line 
1710.

Package mdframed Info: mdframed works in twoside mode on input line 1722.

LaTeX Warning: Reference `mdf@pagelabel-62' on page 49 undefined on input line 
1724.

[49] [50]
Package mdframed Info: mdframed works in twoside mode on input line 1818.
Package mdframed Info: Box was splittet wrong
 starting loop to iterate the splitting point
(mdframed)              on input line 1831.


LaTeX Warning: Reference `mdf@pagelabel-63' on page 51 undefined on input line 
1831.

[51]

LaTeX Warning: Reference `mdf@pagelabel-64' on page 52 undefined on input line 
1831.

Package mdframed Info: mdframed works in twoside mode on input line 1865.

LaTeX Warning: Reference `mdf@pagelabel-65' on page 52 undefined on input line 
1867.

[52]
Package mdframed Info: mdframed works in twoside mode on input line 1908.


LaTeX Warning: Reference `mdf@pagelabel-66' on page 53 undefined on input line 
1910.

[53]
Package mdframed Info: mdframed works in twoside mode on input line 1914.
Package mdframed Info: Not enough space on this page on input line 1916.


LaTeX Warning: Reference `mdf@pagelabel-67' on page 54 undefined on input line 
1916.

Package mdframed Info: mdframed works in twoside mode on input line 1928.

LaTeX Warning: Reference `mdf@pagelabel-68' on page 54 undefined on input line 
1939.

[54] [55]
Package mdframed Info: mdframed works in twoside mode on input line 1990.
Package mdframed Info: Not enough space on this page on input line 1992.


LaTeX Warning: Reference `mdf@pagelabel-69' on page 56 undefined on input line 
1992.

Package mdframed Info: mdframed works in twoside mode on input line 2024.

LaTeX Warning: Reference `mdf@pagelabel-70' on page 56 undefined on input line 
2026.

[56]
Package mdframed Info: mdframed works in twoside mode on input line 2076.


LaTeX Warning: Reference `mdf@pagelabel-71' on page 57 undefined on input line 
2087.

[57]
Package mdframed Info: mdframed works in twoside mode on input line 2120.


LaTeX Warning: Reference `mdf@pagelabel-72' on page 58 undefined on input line 
2135.

[58]
Chapter 4.
Package mdframed Info: mdframed works in twoside mode on input line 2169.

LaTeX Warning: Reference `mdf@pagelabel-73' on page 59 undefined on input line 
2171.

[59

] [60]
Package mdframed Info: mdframed works in twoside mode on input line 2243.


LaTeX Warning: Reference `mdf@pagelabel-74' on page 61 undefined on input line 
2245.

Package mdframed Info: mdframed works in twoside mode on input line 2247.

LaTeX Warning: Reference `mdf@pagelabel-75' on page 61 undefined on input line 
2249.

[61]
Package mdframed Info: mdframed works in twoside mode on input line 2251.
Package mdframed Info: Not enough space on this page on input line 2253.


LaTeX Warning: Reference `mdf@pagelabel-76' on page 62 undefined on input line 
2253.

Package mdframed Info: mdframed works in twoside mode on input line 2267.

LaTeX Warning: Reference `mdf@pagelabel-77' on page 62 undefined on input line 
2269.

[62]
Package mdframed Info: mdframed works in twoside mode on input line 2308.


LaTeX Warning: Reference `mdf@pagelabel-78' on page 63 undefined on input line 
2310.

[63] [64]
Package mdframed Info: mdframed works in twoside mode on input line 2404.


LaTeX Warning: Reference `mdf@pagelabel-79' on page 65 undefined on input line 
2406.

[65]
Package mdframed Info: mdframed works in twoside mode on input line 2448.


LaTeX Warning: Reference `mdf@pagelabel-80' on page 66 undefined on input line 
2457.

Package mdframed Info: mdframed works in twoside mode on input line 2459.

LaTeX Warning: Reference `mdf@pagelabel-81' on page 66 undefined on input line 
2461.

[66]
Package mdframed Info: mdframed works in twoside mode on input line 2465.
Package mdframed Info: Not enough space on this page on input line 2467.


LaTeX Warning: Reference `mdf@pagelabel-82' on page 67 undefined on input line 
2467.

Package mdframed Info: mdframed works in twoside mode on input line 2494.

LaTeX Warning: Reference `mdf@pagelabel-83' on page 67 undefined on input line 
2509.

[67] [68]
Chapter 5.
Package mdframed Info: mdframed works in twoside mode on input line 2527.

LaTeX Warning: Reference `mdf@pagelabel-84' on page 69 undefined on input line 
2529.

Package mdframed Info: mdframed works in twoside mode on input line 2533.

LaTeX Warning: Reference `mdf@pagelabel-85' on page 69 undefined on input line 
2535.

[69

]
Package mdframed Info: mdframed works in twoside mode on input line 2579.


LaTeX Warning: Reference `mdf@pagelabel-86' on page 70 undefined on input line 
2588.

[70]
Package mdframed Info: mdframed works in twoside mode on input line 2604.


LaTeX Warning: Reference `mdf@pagelabel-87' on page 71 undefined on input line 
2606.

Package mdframed Info: mdframed works in twoside mode on input line 2608.

LaTeX Warning: Reference `mdf@pagelabel-88' on page 71 undefined on input line 
2610.

Package mdframed Info: mdframed works in twoside mode on input line 2624.

LaTeX Warning: Reference `mdf@pagelabel-89' on page 71 undefined on input line 
2626.

[71]
Package mdframed Info: mdframed works in twoside mode on input line 2638.


LaTeX Warning: Reference `mdf@pagelabel-90' on page 72 undefined on input line 
2640.

Package mdframed Info: mdframed works in twoside mode on input line 2650.

LaTeX Warning: Reference `mdf@pagelabel-91' on page 72 undefined on input line 
2652.

[72]
Package mdframed Info: mdframed works in twoside mode on input line 2666.


LaTeX Warning: Reference `mdf@pagelabel-92' on page 73 undefined on input line 
2668.

[73]
Package mdframed Info: mdframed works in twoside mode on input line 2694.


LaTeX Warning: Reference `mdf@pagelabel-93' on page 74 undefined on input line 
2696.

Package mdframed Info: mdframed works in twoside mode on input line 2706.

LaTeX Warning: Reference `mdf@pagelabel-94' on page 74 undefined on input line 
2708.

[74]
Package mdframed Info: mdframed works in twoside mode on input line 2745.


LaTeX Warning: Reference `mdf@pagelabel-95' on page 75 undefined on input line 
2758.

Package mdframed Info: mdframed works in twoside mode on input line 2772.

LaTeX Warning: Reference `mdf@pagelabel-96' on page 75 undefined on input line 
2774.

[75]
Package mdframed Info: mdframed works in twoside mode on input line 2780.


LaTeX Warning: Reference `mdf@pagelabel-97' on page 76 undefined on input line 
2782.

[76] [77]
Package mdframed Info: mdframed works in twoside mode on input line 2848.
Package mdframed Info: Not enough space on this page on input line 2850.


LaTeX Warning: Reference `mdf@pagelabel-98' on page 78 undefined on input line 
2850.

Package mdframed Info: mdframed works in twoside mode on input line 2852.

LaTeX Warning: Reference `mdf@pagelabel-99' on page 78 undefined on input line 
2863.

[78]
Package mdframed Info: mdframed works in twoside mode on input line 2901.


LaTeX Warning: Reference `mdf@pagelabel-100' on page 79 undefined on input line
 2903.

Package mdframed Info: mdframed works in twoside mode on input line 2905.

LaTeX Warning: Reference `mdf@pagelabel-101' on page 79 undefined on input line
 2916.

[79] [80]
Package mdframed Info: mdframed works in twoside mode on input line 2993.


LaTeX Warning: Reference `mdf@pagelabel-102' on page 81 undefined on input line
 2995.

Package mdframed Info: mdframed works in twoside mode on input line 2997.

LaTeX Warning: Reference `mdf@pagelabel-103' on page 81 undefined on input line
 3008.

[81]
Package mdframed Info: mdframed works in twoside mode on input line 3024.
Package mdframed Info: Not enough space on this page on input line 3026.


LaTeX Warning: Reference `mdf@pagelabel-104' on page 82 undefined on input line
 3026.

Package mdframed Info: mdframed works in twoside mode on input line 3042.

LaTeX Warning: Reference `mdf@pagelabel-105' on page 82 undefined on input line
 3051.

[82]
Package mdframed Info: mdframed works in twoside mode on input line 3073.


LaTeX Warning: Reference `mdf@pagelabel-106' on page 83 undefined on input line
 3075.

[83]
Package mdframed Info: mdframed works in twoside mode on input line 3106.


LaTeX Warning: Reference `mdf@pagelabel-107' on page 84 undefined on input line
 3108.

Package mdframed Info: mdframed works in twoside mode on input line 3110.

LaTeX Warning: Reference `mdf@pagelabel-108' on page 84 undefined on input line
 3121.

[84]
Package mdframed Info: mdframed works in twoside mode on input line 3131.


LaTeX Warning: Reference `mdf@pagelabel-109' on page 85 undefined on input line
 3133.

[85]
Package mdframed Info: mdframed works in twoside mode on input line 3165.
Package mdframed Info: Not enough space on this page on input line 3176.


LaTeX Warning: Reference `mdf@pagelabel-110' on page 86 undefined on input line
 3176.

Package mdframed Info: mdframed works in twoside mode on input line 3205.

LaTeX Warning: Reference `mdf@pagelabel-111' on page 86 undefined on input line
 3224.

[86]

LaTeX Warning: Reference `mdf@pagelabel-112' on page 87 undefined on input line
 3224.

[87] [88] [89] [90

]
Chapter 6.
[91

]
Package mdframed Info: mdframed works in twoside mode on input line 3369.
Package mdframed Info: Not enough space on this page on input line 3371.


LaTeX Warning: Reference `mdf@pagelabel-113' on page 92 undefined on input line
 3371.

[92]
Package mdframed Info: mdframed works in twoside mode on input line 3418.


LaTeX Warning: Reference `mdf@pagelabel-114' on page 93 undefined on input line
 3420.

[93] [94]
Package mdframed Info: mdframed works in twoside mode on input line 3563.


LaTeX Warning: Reference `mdf@pagelabel-115' on page 95 undefined on input line
 3565.

[95]
Package mdframed Info: mdframed works in twoside mode on input line 3589.


LaTeX Warning: Reference `mdf@pagelabel-116' on page 96 undefined on input line
 3591.

[96]
Package mdframed Info: mdframed works in twoside mode on input line 3609.


LaTeX Warning: Reference `mdf@pagelabel-117' on page 97 undefined on input line
 3611.

Package mdframed Info: mdframed works in twoside mode on input line 3617.

LaTeX Warning: Reference `mdf@pagelabel-118' on page 97 undefined on input line
 3619.

[97]
Package mdframed Info: mdframed works in twoside mode on input line 3621.
Package mdframed Info: Not enough space on this page on input line 3634.


LaTeX Warning: Reference `mdf@pagelabel-119' on page 98 undefined on input line
 3634.

Package mdframed Info: mdframed works in twoside mode on input line 3655.

LaTeX Warning: Reference `mdf@pagelabel-120' on page 98 undefined on input line
 3659.

[98]

LaTeX Warning: Reference `mdf@pagelabel-121' on page 99 undefined on input line
 3659.

Package mdframed Info: mdframed works in twoside mode on input line 3669.

LaTeX Warning: Reference `mdf@pagelabel-122' on page 99 undefined on input line
 3671.

Package mdframed Info: mdframed works in twoside mode on input line 3673.

LaTeX Warning: Reference `mdf@pagelabel-123' on page 99 undefined on input line
 3675.

[99]
Package mdframed Info: mdframed works in twoside mode on input line 3724.


LaTeX Warning: Reference `mdf@pagelabel-124' on page 100 undefined on input lin
e 3726.

Package mdframed Info: mdframed works in twoside mode on input line 3743.

LaTeX Warning: Reference `mdf@pagelabel-125' on page 100 undefined on input lin
e 3745.

[100]
Package mdframed Info: mdframed works in twoside mode on input line 3755.


LaTeX Warning: Reference `mdf@pagelabel-126' on page 101 undefined on input lin
e 3768.

[101]
Package mdframed Info: mdframed works in twoside mode on input line 3796.


LaTeX Warning: Reference `mdf@pagelabel-127' on page 102 undefined on input lin
e 3798.

[102]
Package mdframed Info: mdframed works in twoside mode on input line 3865.


LaTeX Warning: Reference `mdf@pagelabel-128' on page 103 undefined on input lin
e 3867.

[103]
Package mdframed Info: mdframed works in twoside mode on input line 3869.
Package mdframed Info: Not enough space on this page on input line 3880.


LaTeX Warning: Reference `mdf@pagelabel-129' on page 104 undefined on input lin
e 3880.

Package mdframed Info: mdframed works in twoside mode on input line 3888.

LaTeX Warning: Reference `mdf@pagelabel-130' on page 104 undefined on input lin
e 3890.

[104]
Package mdframed Info: mdframed works in twoside mode on input line 3934.


LaTeX Warning: Reference `mdf@pagelabel-131' on page 105 undefined on input lin
e 3936.

[105]

Package longtable Warning: Column widths have changed
(longtable)                in table 6.1 on input line 3965.

Package mdframed Info: mdframed works in twoside mode on input line 3970.

LaTeX Warning: Reference `mdf@pagelabel-132' on page 106 undefined on input lin
e 3972.

Package mdframed Info: mdframed works in twoside mode on input line 3976.

LaTeX Warning: Reference `mdf@pagelabel-133' on page 106 undefined on input lin
e 3978.

[106]
Package mdframed Info: mdframed works in twoside mode on input line 3982.
Package mdframed Info: Not enough space on this page on input line 4001.


LaTeX Warning: Reference `mdf@pagelabel-134' on page 107 undefined on input lin
e 4001.

Package mdframed Info: mdframed works in twoside mode on input line 4015.

LaTeX Warning: Reference `mdf@pagelabel-135' on page 107 undefined on input lin
e 4017.

[107]
Package mdframed Info: mdframed works in twoside mode on input line 4021.
Package mdframed Info: Not enough space on this page on input line 4023.


LaTeX Warning: Reference `mdf@pagelabel-136' on page 108 undefined on input lin
e 4023.

Package mdframed Info: mdframed works in twoside mode on input line 4025.

LaTeX Warning: Reference `mdf@pagelabel-137' on page 108 undefined on input lin
e 4027.

[108]
Package mdframed Info: mdframed works in twoside mode on input line 4073.
Package mdframed Info: Not enough space on this page on input line 4075.


LaTeX Warning: Reference `mdf@pagelabel-138' on page 109 undefined on input lin
e 4075.

Package mdframed Info: mdframed works in twoside mode on input line 4112.

LaTeX Warning: Reference `mdf@pagelabel-139' on page 109 undefined on input lin
e 4114.

[109] [110]
Package mdframed Info: mdframed works in twoside mode on input line 4194.
Package mdframed Info: Not enough space on this page on input line 4209.


LaTeX Warning: Reference `mdf@pagelabel-140' on page 111 undefined on input lin
e 4209.

[111]
Chapter 7.
Package mdframed Info: mdframed works in twoside mode on input line 4223.

LaTeX Warning: Reference `mdf@pagelabel-141' on page 112 undefined on input lin
e 4225.

[112

]
Package mdframed Info: mdframed works in twoside mode on input line 4296.


LaTeX Warning: Reference `mdf@pagelabel-142' on page 113 undefined on input lin
e 4307.

[113]
Package mdframed Info: mdframed works in twoside mode on input line 4341.


LaTeX Warning: Reference `mdf@pagelabel-143' on page 114 undefined on input lin
e 4343.

[114] [115]
Package mdframed Info: mdframed works in twoside mode on input line 4443.


LaTeX Warning: Reference `mdf@pagelabel-144' on page 116 undefined on input lin
e 4456.

[116]
Package mdframed Info: mdframed works in twoside mode on input line 4512.


LaTeX Warning: Reference `mdf@pagelabel-145' on page 117 undefined on input lin
e 4525.

[117] [118]
Package mdframed Info: mdframed works in twoside mode on input line 4591.


LaTeX Warning: Reference `mdf@pagelabel-146' on page 119 undefined on input lin
e 4595.

Package mdframed Info: mdframed works in twoside mode on input line 4597.

LaTeX Warning: Reference `mdf@pagelabel-147' on page 119 undefined on input lin
e 4605.

[119]
Package mdframed Info: mdframed works in twoside mode on input line 4621.


LaTeX Warning: Reference `mdf@pagelabel-148' on page 120 undefined on input lin
e 4625.

[120]
Package mdframed Info: mdframed works in twoside mode on input line 4668.


LaTeX Warning: Reference `mdf@pagelabel-149' on page 121 undefined on input lin
e 4681.

Package mdframed Info: mdframed works in twoside mode on input line 4693.

LaTeX Warning: Reference `mdf@pagelabel-150' on page 121 undefined on input lin
e 4708.

[121]
Chapter 8.
[122

]
Package mdframed Info: mdframed works in twoside mode on input line 4776.


LaTeX Warning: Reference `mdf@pagelabel-151' on page 123 undefined on input lin
e 4785.

[123] [124]
Package mdframed Info: mdframed works in twoside mode on input line 4863.
Package mdframed Info: Not enough space on this page on input line 4872.


LaTeX Warning: Reference `mdf@pagelabel-152' on page 125 undefined on input lin
e 4872.

[125]
Package mdframed Info: mdframed works in twoside mode on input line 4904.


LaTeX Warning: Reference `mdf@pagelabel-153' on page 126 undefined on input lin
e 4906.

Package mdframed Info: mdframed works in twoside mode on input line 4908.

LaTeX Warning: Reference `mdf@pagelabel-154' on page 126 undefined on input lin
e 4910.

[126]

Package longtable Warning: Column widths have changed
(longtable)                in table 8.2 on input line 4949.

Package mdframed Info: mdframed works in twoside mode on input line 4954.

LaTeX Warning: Reference `mdf@pagelabel-155' on page 127 undefined on input lin
e 4965.

[127]
Package mdframed Info: mdframed works in twoside mode on input line 5017.


LaTeX Warning: Reference `mdf@pagelabel-156' on page 128 undefined on input lin
e 5019.

Package mdframed Info: mdframed works in twoside mode on input line 5021.

Package longtable Warning: Column widths have changed
(longtable)                in table 8.3 on input line 5036.


LaTeX Warning: Reference `mdf@pagelabel-157' on page 128 undefined on input lin
e 5040.

[128]
Package mdframed Info: mdframed works in twoside mode on input line 5070.


LaTeX Warning: Reference `mdf@pagelabel-158' on page 129 undefined on input lin
e 5072.

[129]
Package mdframed Info: mdframed works in twoside mode on input line 5084.
Package mdframed Info: Not enough space on this page on input line 5086.


LaTeX Warning: Reference `mdf@pagelabel-159' on page 130 undefined on input lin
e 5086.

[130]
Package mdframed Info: mdframed works in twoside mode on input line 5134.


LaTeX Warning: Reference `mdf@pagelabel-160' on page 131 undefined on input lin
e 5149.

[131]
Chapter 9.
Package mdframed Info: mdframed works in twoside mode on input line 5163.

LaTeX Warning: Reference `mdf@pagelabel-161' on page 132 undefined on input lin
e 5165.

[132

]
Package mdframed Info: mdframed works in twoside mode on input line 5234.


LaTeX Warning: Reference `mdf@pagelabel-162' on page 133 undefined on input lin
e 5236.

[133] [134] [135] [136]
Package mdframed Info: mdframed works in twoside mode on input line 5403.


LaTeX Warning: Reference `mdf@pagelabel-163' on page 137 undefined on input lin
e 5405.

[137]
Package mdframed Info: mdframed works in twoside mode on input line 5425.
Package mdframed Info: Not enough space on this page on input line 5427.


LaTeX Warning: Reference `mdf@pagelabel-164' on page 138 undefined on input lin
e 5427.

Package mdframed Info: mdframed works in twoside mode on input line 5439.

LaTeX Warning: Reference `mdf@pagelabel-165' on page 138 undefined on input lin
e 5454.

[138] [139

]
Chapter 10.
Package mdframed Info: mdframed works in twoside mode on input line 5467.

LaTeX Warning: Reference `mdf@pagelabel-166' on page 140 undefined on input lin
e 5469.

Package mdframed Info: mdframed works in twoside mode on input line 5471.

LaTeX Warning: Reference `mdf@pagelabel-167' on page 140 undefined on input lin
e 5473.

[140

] [141]
Package mdframed Info: mdframed works in twoside mode on input line 5550.


LaTeX Warning: Reference `mdf@pagelabel-168' on page 142 undefined on input lin
e 5560.

Package mdframed Info: mdframed works in twoside mode on input line 5579.

LaTeX Warning: Reference `mdf@pagelabel-169' on page 142 undefined on input lin
e 5581.

[142] [143] [144]
Package mdframed Info: mdframed works in twoside mode on input line 5684.


LaTeX Warning: Reference `mdf@pagelabel-170' on page 145 undefined on input lin
e 5686.

Package mdframed Info: mdframed works in twoside mode on input line 5702.

LaTeX Warning: Reference `mdf@pagelabel-171' on page 145 undefined on input lin
e 5704.

Package mdframed Info: mdframed works in twoside mode on input line 5706.

LaTeX Warning: Reference `mdf@pagelabel-172' on page 145 undefined on input lin
e 5708.

[145] [146]
Package mdframed Info: mdframed works in twoside mode on input line 5759.


LaTeX Warning: Reference `mdf@pagelabel-173' on page 147 undefined on input lin
e 5761.

Package mdframed Info: mdframed works in twoside mode on input line 5773.

LaTeX Warning: Reference `mdf@pagelabel-174' on page 147 undefined on input lin
e 5775.

Package mdframed Info: mdframed works in twoside mode on input line 5785.

LaTeX Warning: Reference `mdf@pagelabel-175' on page 147 undefined on input lin
e 5787.

[147]
Package mdframed Info: mdframed works in twoside mode on input line 5789.
Package mdframed Info: Not enough space on this page on input line 5802.


LaTeX Warning: Reference `mdf@pagelabel-176' on page 148 undefined on input lin
e 5802.

[148]
Underfull \vbox (badness 4634) has occurred while \output is active []

 [149]
Package mdframed Info: mdframed works in twoside mode on input line 5931.


LaTeX Warning: Reference `mdf@pagelabel-177' on page 150 undefined on input lin
e 5933.

[150] [151] [152]
Chapter 11.
Package mdframed Info: mdframed works in twoside mode on input line 6053.

LaTeX Warning: Reference `mdf@pagelabel-178' on page 153 undefined on input lin
e 6055.

Package mdframed Info: mdframed works in twoside mode on input line 6057.

LaTeX Warning: Reference `mdf@pagelabel-179' on page 153 undefined on input lin
e 6059.

Package mdframed Info: mdframed works in twoside mode on input line 6061.

LaTeX Warning: Reference `mdf@pagelabel-180' on page 153 undefined on input lin
e 6063.

[153

]
Package mdframed Info: mdframed works in twoside mode on input line 6073.


LaTeX Warning: Reference `mdf@pagelabel-181' on page 154 undefined on input lin
e 6075.

Package mdframed Info: mdframed works in twoside mode on input line 6077.

LaTeX Warning: Reference `mdf@pagelabel-182' on page 154 undefined on input lin
e 6079.

Package mdframed Info: mdframed works in twoside mode on input line 6083.

LaTeX Warning: Reference `mdf@pagelabel-183' on page 154 undefined on input lin
e 6085.

[154] [155]
Package mdframed Info: mdframed works in twoside mode on input line 6129.


LaTeX Warning: Reference `mdf@pagelabel-184' on page 156 undefined on input lin
e 6131.

[156] [157] [158] [159] [160]
Package mdframed Info: mdframed works in twoside mode on input line 6270.
Package mdframed Info: Not enough space on this page on input line 6272.


LaTeX Warning: Reference `mdf@pagelabel-185' on page 161 undefined on input lin
e 6272.

Package mdframed Info: mdframed works in twoside mode on input line 6276.

LaTeX Warning: Reference `mdf@pagelabel-186' on page 161 undefined on input lin
e 6284.

Package mdframed Info: mdframed works in twoside mode on input line 6292.

LaTeX Warning: Reference `mdf@pagelabel-187' on page 161 undefined on input lin
e 6294.

[161] [162]
Chapter 12.
Package mdframed Info: mdframed works in twoside mode on input line 6322.

LaTeX Warning: Reference `mdf@pagelabel-188' on page 163 undefined on input lin
e 6324.

[163

] [164]
Package mdframed Info: mdframed works in twoside mode on input line 6438.


LaTeX Warning: Reference `mdf@pagelabel-189' on page 165 undefined on input lin
e 6440.

[165]
Package mdframed Info: mdframed works in twoside mode on input line 6452.


LaTeX Warning: Reference `mdf@pagelabel-190' on page 166 undefined on input lin
e 6454.

Package mdframed Info: mdframed works in twoside mode on input line 6456.

LaTeX Warning: Reference `mdf@pagelabel-191' on page 166 undefined on input lin
e 6458.

Package mdframed Info: mdframed works in twoside mode on input line 6460.

LaTeX Warning: Reference `mdf@pagelabel-192' on page 166 undefined on input lin
e 6462.

Package mdframed Info: mdframed works in twoside mode on input line 6464.

LaTeX Warning: Reference `mdf@pagelabel-193' on page 166 undefined on input lin
e 6466.

[166]
Package mdframed Info: mdframed works in twoside mode on input line 6468.
Package mdframed Info: Not enough space on this page on input line 6470.


LaTeX Warning: Reference `mdf@pagelabel-194' on page 167 undefined on input lin
e 6470.

[167]
Package mdframed Info: mdframed works in twoside mode on input line 6516.
Package mdframed Info: Not enough space on this page on input line 6518.


LaTeX Warning: Reference `mdf@pagelabel-195' on page 168 undefined on input lin
e 6518.

[168]
Package mdframed Info: mdframed works in twoside mode on input line 6594.


LaTeX Warning: Reference `mdf@pagelabel-196' on page 169 undefined on input lin
e 6596.

[169] [170]
Chapter 13.
[171

] [172]

LaTeX Font Warning: Font shape `TU/IPAexGothic(2)/m/it' undefined
(Font)              using `TU/IPAexGothic(2)/m/n' instead on input line 6652.

[173

] [174]
Package mdframed Info: mdframed works in twoside mode on input line 6696.


LaTeX Warning: Reference `mdf@pagelabel-197' on page 175 undefined on input lin
e 6698.

Package mdframed Info: mdframed works in twoside mode on input line 6700.

LaTeX Warning: Reference `mdf@pagelabel-198' on page 175 undefined on input lin
e 6702.

Package mdframed Info: mdframed works in twoside mode on input line 6704.

LaTeX Warning: Reference `mdf@pagelabel-199' on page 175 undefined on input lin
e 6706.

[175

] [176] [177] [178]

Package longtable Warning: Table widths have changed. Rerun LaTeX.

(exports/manuscript.aux)
 ***********
LaTeX2e <2023-11-01> patch level 1
L3 programming layer <2024-01-22>
 ***********


LaTeX Font Warning: Some font shapes were not available, defaults substituted.


LaTeX Warning: There were undefined references.


LaTeX Warning: Label(s) may have changed. Rerun to get cross-references right.

 ) 
Here is how much of TeX's memory you used:
 16815 strings out of 476878
 331166 string characters out of 5805249
 1954627 words of memory out of 5000000
 38435 multiletter control sequences out of 15000+600000
 583568 words of font info for 162 fonts, out of 8000000 for 9000
 14 hyphenation exceptions out of 8191
 79i,16n,93p,688b,535s stack positions out of 10000i,1000n,20000p,200000b,200000s

Output written on exports/manuscript.pdf (178 pages).
