\BOOKMARK [0][-]{chapter*.1}{\376\377\060\157\060\130\060\201\060\153\000\040\040\024\040\024\000\040\060\113\060\144\060\146\060\156\171\301\060\170\060\156\215\010\060\212\162\151\060\001\060\112\060\210\060\163\000S\000N\000S\146\102\116\343\060\156\116\210\226\062\175\332}{}% 1
\BOOKMARK [-1][-]{part.1}{\376\377\000I\000\040\173\054\000I\220\350\377\032\000R\0003\000\040\116\012\060\156\137\256\122\006\137\142\137\017}{}% 2
\BOOKMARK [0][-]{chapter.1}{\376\377\173\054\0001\172\340\377\032\000d\000x\000\040\060\150\060\157\117\125\060\113\000\040\040\024\040\024\000\040\060\331\060\257\060\310\060\353\060\222\230\337\060\171\060\213\156\054\133\232\126\150\060\001\060\102\060\213\060\104\060\157\152\052\060\331\060\257\060\310\060\353}{part.1}% 3
\BOOKMARK [1][-]{section*.2}{\376\377\000\247\0001\000.\0000\000\040\145\160\133\146\200\005\060\156\0001\153\041\121\103\060\001\162\151\164\006\133\146\200\005\060\156\0001\153\041\121\103}{chapter.1}% 4
\BOOKMARK [2][-]{section*.3}{\376\377\000\247\0001\000.\0001\000\040\060\352\060\374\060\336\060\363\172\115\122\006\060\157\210\114\122\027\060\156\172\115\060\147\060\102\060\213}{section*.2}% 5
\BOOKMARK [2][-]{section*.9}{\376\377\000\247\0001\000.\0002\000\040\121\150\137\256\122\006\000\040\000d\000f\000\040\040\024\000\040\131\011\123\026\163\207\060\222\210\114\122\027\060\153\060\176\060\150\060\201\060\137\157\024\173\227\133\120}{section*.2}% 6
\BOOKMARK [2][-]{section*.17}{\376\377\000\247\0001\000.\0003\000\040\060\351\060\244\060\327\060\313\060\303\060\304\060\156\212\030\154\325\060\150\116\343\145\160\166\204\166\364\141\037}{section*.2}% 7
\BOOKMARK [2][-]{section*.18}{\376\377\000\247\0001\000.\0004\000\040\136\247\152\031\131\011\143\333\040\024\040\024\060\014\162\151\135\356\060\127\060\015\060\156\166\356\166\333\060\212\060\222\146\370\060\115\143\333\060\110\060\213}{section*.2}% 8
\BOOKMARK [2][-]{section*.23}{\376\377\000\247\0001\000.\0005\000\040\122\045\060\156\136\247\152\031\060\147\146\370\060\117\040\024\040\024\157\024\177\322}{section*.2}% 9
\BOOKMARK [2][-]{section*.27}{\376\377\000\247\0001\000.\0006\000\040\147\054\172\340\060\156\060\176\060\150\060\201\060\150\153\041\172\340\060\170\060\156\134\125\147\033}{section*.2}% 10
\BOOKMARK [0][-]{chapter.2}{\376\377\173\054\0002\172\340\377\032\227\142\172\115\060\150\060\157\117\125\060\113\000\040\040\024\040\024\000\040\136\163\210\114\131\032\227\142\117\123\060\153\157\134\060\200\060\001\173\046\123\367\060\156\060\353\060\374\060\353}{part.1}% 11
\BOOKMARK [1][-]{section*.28}{\376\377\000\247\0002\000.\0000\000\040\156\054\133\232\126\150\060\150\227\142\172\115\060\373\117\123\172\115\060\001\060\135\060\127\060\146\225\167\060\125}{chapter.2}% 12
\BOOKMARK [2][-]{section*.29}{\376\377\000\247\0002\000.\0001\000\040\134\017\133\146\150\041\060\156\227\142\172\115\060\156\226\120\165\114}{section*.28}% 13
\BOOKMARK [2][-]{section*.30}{\376\377\000\247\0002\000.\0002\000\040\227\142\172\115\156\054\133\232\126\150\060\114\156\200\060\137\060\131\060\171\060\115\060\014\0003\060\144\060\156\060\353\060\374\060\353\060\015}{section*.28}% 14
\BOOKMARK [2][-]{section*.34}{\376\377\000\247\0002\000.\0003\000\040\227\142\172\115\156\054\133\232\126\150\060\156\153\143\117\123\060\157\060\014\123\315\133\376\171\360\210\114\122\027\060\015\060\147\060\102\060\213}{section*.28}% 15
\BOOKMARK [2][-]{section*.37}{\376\377\000\247\0002\000.\0004\000\040\227\142\172\115\156\054\133\232\126\150\060\156\121\205\220\350\151\313\220\040}{section*.28}% 16
\BOOKMARK [2][-]{section*.47}{\376\377\000\247\0002\000.\0005\000\040\117\123\172\115\156\054\133\232\126\150\060\150\210\114\122\027\137\017}{section*.28}% 17
\BOOKMARK [2][-]{section*.58}{\376\377\000\247\0002\000.\0006\000\040\147\054\172\340\060\156\060\176\060\150\060\201\060\150\173\054\0003\172\340\060\170\060\156\134\125\147\033}{section*.28}% 18
\BOOKMARK [1][-]{section*.59}{\376\377\173\054\0002\172\340\000\040\116\330\223\062\000A\377\032\117\123\172\115\156\054\133\232\126\150\060\156\060\306\060\363\060\275\060\353\172\115\210\150\163\376\000\040\040\024\000\040\121\150\142\020\122\006\060\156\212\010\173\227}{chapter.2}% 19
\BOOKMARK [0][-]{chapter.3}{\376\377\173\054\0003\172\340\377\032\172\115\122\006\060\131\060\213\060\150\060\157\117\125\060\113\000\040\040\024\040\024\000\040\147\011\226\120\060\156\060\336\060\271\060\222\145\160\060\110\060\001\147\000\137\214\060\153\151\165\226\120\060\222\123\326\060\213}{part.1}% 20
\BOOKMARK [1][-]{section*.64}{\376\377\000\247\0003\000.\0000\000\040\146\362\060\114\060\143\060\137\060\202\060\156\060\222\156\054\060\213\040\024\040\024\134\017\133\146\150\041\116\345\147\145\060\156\120\037\060\212\060\222\217\324\060\131}{chapter.3}% 21
\BOOKMARK [2][-]{section*.65}{\376\377\000\247\0003\000.\0001\000\040\117\123\172\115\040\024\040\024\0003\153\041\121\103\060\001\117\302\145\160\0001}{section*.64}% 22
\BOOKMARK [2][-]{section*.68}{\376\377\000\247\0003\000.\0002\000\040\210\150\227\142\172\115\040\024\040\024\0002\153\041\121\103\060\001\117\302\145\160\0001}{section*.64}% 23
\BOOKMARK [2][-]{section*.73}{\376\377\000\247\0003\000.\0003\000\040\146\362\175\332\040\024\040\024\0001\153\041\121\103\060\001\117\302\145\160\0001\377\010\226\120\165\114\060\114\060\102\060\211\060\217\060\153\060\152\060\213\377\011}{section*.64}% 24
\BOOKMARK [2][-]{section*.77}{\376\377\000\247\0003\000.\0004\000\040\117\302\145\160\060\222\060\144\060\121\060\213\040\024\040\024\133\306\136\246\060\150\136\176\117\125\060\156\172\115}{section*.64}% 25
\BOOKMARK [2][-]{section*.84}{\376\377\000\247\0003\000.\0005\000\040\147\054\172\340\060\156\060\176\060\150\060\201\060\150\153\041\172\340\060\170\060\156\134\125\147\033}{section*.64}% 26
\BOOKMARK [0][-]{chapter.4}{\376\377\173\054\0004\172\340\377\032\131\011\145\160\131\011\143\333\060\150\060\157\117\125\060\113\000\040\040\024\040\024\000\040\137\025\060\115\142\073\060\127\000\040\000\134\000P\000h\000i\000\136\000*\377\032\156\054\133\232\126\150\060\156\060\144\060\130\060\144\060\176\124\010\060\217\060\133}{part.1}% 27
\BOOKMARK [1][-]{section*.85}{\376\377\000\247\0004\000.\0000\000\040\162\151\164\006\060\157\146\362\060\114\060\213\060\001\212\010\173\227\060\157\126\333\211\322}{chapter.4}% 28
\BOOKMARK [2][-]{section*.86}{\376\377\000\247\0004\000.\0001\000\040\0001\000-\000f\000o\000r\000m\000\040\060\156\137\025\060\115\142\073\060\127\040\024\040\024\116\325\116\213\060\150\220\113\122\325\060\250\060\315\060\353\060\256\060\374\133\232\164\006}{section*.85}% 29
\BOOKMARK [2][-]{section*.87}{\376\377\000\247\0004\000.\0002\000\040\0002\000-\000f\000o\000r\000m\000\040\060\156\137\025\060\115\142\073\060\127\040\024\040\024\211\322\220\113\122\325\221\317\117\335\133\130\060\150\227\142\172\115\220\037\136\246}{section*.85}% 30
\BOOKMARK [2][-]{section*.88}{\376\377\000\247\0004\000.\0003\000\040\0003\000-\000f\000o\000r\000m\000\040\060\156\137\025\060\115\142\073\060\127\040\024\040\024\214\352\221\317\117\335\133\130\060\150\117\123\172\115\122\006}{section*.85}% 31
\BOOKMARK [2][-]{section*.89}{\376\377\000\247\0004\000.\0004\000\040\137\025\060\115\142\073\060\127\060\156\140\047\214\352\000\040\040\024\040\024\000\040\060\123\060\123\060\176\060\147\060\153\170\272\172\313\060\127\060\137\060\123\060\150}{section*.85}% 32
\BOOKMARK [2][-]{section*.90}{\376\377\000\247\0004\000.\0005\000\040\147\054\172\340\060\156\060\176\060\150\060\201\060\150\173\054\0005\172\340\377\010\131\026\137\256\122\006\377\011\060\170\060\156\134\125\147\033}{section*.85}% 33
\BOOKMARK [0][-]{chapter.5}{\376\377\173\054\0005\172\340\377\032\137\256\122\006\060\131\060\213\060\150\060\157\117\125\060\113\000\040\040\024\040\024\000\040\131\026\137\256\122\006\000\040\000d\377\032\134\100\142\100\060\156\060\272\060\354\060\150\172\115\122\006\060\156\220\006}{part.1}% 34
\BOOKMARK [1][-]{section*.91}{\376\377\000\247\0005\000.\0000\000\040\173\054\000I\000I\220\350\060\156\142\111\040\024\040\024\211\263\156\054\060\157\172\115\122\006\060\001\154\325\122\107\060\157\137\256\122\006}{chapter.5}% 35
\BOOKMARK [2][-]{section*.92}{\376\377\000\247\0005\000.\0001\000\040\000d\000f\000\040\121\215\212\052\040\024\040\024\137\256\122\006\060\150\172\115\122\006\060\157\220\006\157\024\173\227\060\113}{section*.91}% 36
\BOOKMARK [2][-]{section*.96}{\376\377\000\247\0005\000.\0002\000\040\225\211\060\353\060\374\060\327\060\147\131\377\060\222\163\376\060\131\060\014\060\272\060\354\060\015}{section*.91}% 37
\BOOKMARK [2][-]{section*.99}{\376\377\000\247\0005\000.\0003\000\040\137\256\134\017\060\353\060\374\060\327\060\156\211\343\122\126\040\024\040\024\060\272\060\354\060\157\227\142\172\115\060\153\153\324\117\213\060\131\060\213}{section*.91}% 38
\BOOKMARK [2][-]{section*.102}{\376\377\000\247\0005\000.\0004\000\040\000d\000\040\060\156\212\225\165\037\040\024\040\024\227\142\172\115\060\102\060\137\060\212\060\156\060\272\060\354\060\222\156\054\060\213\145\260\060\127\060\104\156\054\133\232\126\150}{section*.91}% 39
\BOOKMARK [2][-]{section*.105}{\376\377\000\247\0005\000.\0005\000\040\116\000\202\054\060\156\000\040\0001\000-\000f\000o\000r\000m\000\040\060\156\131\026\137\256\122\006\040\024\040\024\0003\153\041\121\103\060\170\060\156\142\341\137\065}{section*.91}% 40
\BOOKMARK [2][-]{section*.109}{\376\377\000\247\0005\000.\0006\000\040\226\306\172\115\060\131\060\214\060\160\130\203\165\114\060\140\060\121\060\114\153\213\060\213\040\024\040\024\060\271\060\310\060\374\060\257\060\271\060\156\133\232\164\006}{section*.91}% 41
\BOOKMARK [2][-]{section*.113}{\376\377\000\247\0005\000.\0007\000\040\124\014\060\130\060\123\060\150\060\222\060\202\060\106\116\000\153\265\040\024\040\024\0002\000-\000f\000o\000r\000m\000\040\060\156\131\026\137\256\122\006\060\150\166\172\145\143}{section*.91}% 42
\BOOKMARK [2][-]{section*.118}{\376\377\000\247\0005\000.\0008\000\040\000d\000\136\0002\000\040\000=\000\040\0000\040\024\040\024\116\214\136\246\156\054\060\214\060\160\137\305\060\132\060\274\060\355}{section*.91}% 43
\BOOKMARK [2][-]{section*.121}{\376\377\000\247\0005\000.\0009\000\040\131\026\137\256\122\006\060\156\175\161\124\010\040\024\040\024\116\000\060\144\060\156\137\017\060\001\116\000\060\144\060\156\060\353\060\374\060\353}{section*.91}% 44
\BOOKMARK [2][-]{section*.125}{\376\377\000\247\0005\000.\0001\0000\000\040\172\115\122\006\060\113\060\211\137\256\122\006\145\271\172\013\137\017\060\170\040\024\040\024\162\151\164\006\154\325\122\107\060\156\134\100\142\100\123\026}{section*.91}% 45
\BOOKMARK [2][-]{section*.128}{\376\377\000\247\0005\000.\0001\0001\000\040\173\054\000I\000I\220\350\060\170\060\156\134\125\147\033\040\024\040\024\060\333\060\303\060\270\060\373\060\271\060\277\060\374\060\170\060\156\117\017\175\332}{section*.91}% 46
\BOOKMARK [1][-]{section*.129}{\376\377\116\330\223\062\000C\377\032\131\026\137\256\122\006\060\156\210\114\122\027\210\150\171\072}{chapter.5}% 47
\BOOKMARK [-1][-]{part.2}{\376\377\000I\000I\000\040\173\054\000I\000I\220\350\377\032\060\331\060\257\060\310\060\353\211\343\147\220}{}% 48
\BOOKMARK [0][-]{chapter.6}{\376\377\173\054\0006\172\340\377\032\212\010\221\317\000\040\000g\000\040\060\150\060\333\060\303\060\270\060\373\060\271\060\277\060\374\000\040\000\134\000a\000s\000t\000\040\040\024\000\040\121\205\172\115\060\156\123\354\125\232\060\150\153\041\145\160\060\156\123\315\216\342}{part.2}% 49
\BOOKMARK [1][-]{section*.136}{\376\377\000\247\0006\000.\0000\000\040\212\000\060\104\212\063\060\156\175\102\161\011\040\024\040\024\121\205\172\115\060\222\211\343\145\076\060\131\060\213}{chapter.6}% 50
\BOOKMARK [2][-]{section*.137}{\376\377\000\247\0006\000.\0001\000\040\060\321\060\351\060\341\060\374\060\277\172\172\225\223\060\156\121\205\172\115\040\024\040\024\212\010\221\317\000\040\000g\000\040\060\156\153\143\117\123}{section*.136}% 51
\BOOKMARK [2][-]{section*.141}{\376\377\000\247\0006\000.\0002\000\040\000g\000\040\060\153\060\210\060\213\176\046\060\331\060\257\060\310\060\353\060\150\152\052\060\331\060\257\060\310\060\353\060\156\131\011\143\333}{section*.136}% 52
\BOOKMARK [2][-]{section*.146}{\376\377\000\247\0006\000.\0003\000\040\060\333\060\303\060\270\060\373\060\271\060\277\060\374\000\040\000\134\000a\000s\000t\000\040\040\024\040\024\116\214\060\144\060\156\145\271\154\325\060\222\176\153\060\120\133\376\137\334}{section*.136}% 53
\BOOKMARK [2][-]{section*.152}{\376\377\000\247\0006\000.\0004\000\040\133\376\137\334\060\156\133\237\117\213\040\024\040\024\137\256\122\006\137\142\137\017\060\150\060\331\060\257\060\310\060\353\211\343\147\220}{section*.136}% 54
\BOOKMARK [2][-]{section*.155}{\376\377\000\247\0006\000.\0005\000\040\060\312\060\326\060\351\060\156\116\011\121\104\137\037\060\222\211\343\117\123\060\131\060\213}{section*.136}% 55
\BOOKMARK [2][-]{section*.160}{\376\377\000\247\0006\000.\0006\000\040\173\054\000I\000I\220\350\060\156\175\120\060\163\000\040\040\024\040\024\000\040\173\054\000I\000I\000I\220\350\060\170}{section*.136}% 56
\BOOKMARK [1][-]{section*.161}{\376\377\116\330\223\062\000D\377\032\060\325\060\355\060\331\060\313\060\246\060\271\172\115\060\150\060\333\060\303\060\270\060\373\060\271\060\277\060\374\060\156\133\214\121\150\060\152\210\114\122\027\210\150\163\376}{chapter.6}% 57
\BOOKMARK [0][-]{chapter.7}{\376\377\173\054\0007\172\340\377\032\060\331\060\257\060\310\060\353\211\343\147\220\000\040\040\024\040\024\000\040\060\312\060\326\060\351\060\156\166\173\130\064}{part.2}% 58
\BOOKMARK [1][-]{section*.168}{\376\377\000\247\0007\000.\0000\000\040\060\312\060\326\060\351\060\156\166\173\130\064}{chapter.7}% 59
\BOOKMARK [2][-]{section*.169}{\376\377\000\247\0007\000.\0001\000\040\060\311\060\303\060\310\172\115\060\150\060\257\060\355\060\271\172\115}{section*.168}% 60
\BOOKMARK [2][-]{section*.172}{\376\377\000\247\0007\000.\0002\000\040\000\134\000n\000a\000b\000l\000a\000\040\060\150\122\376\221\115}{section*.168}% 61
\BOOKMARK [2][-]{section*.175}{\376\377\000\247\0007\000.\0003\000\040\166\172\145\143}{section*.168}% 62
\BOOKMARK [2][-]{section*.176}{\376\377\000\247\0007\000.\0004\000\040\126\336\216\342}{section*.168}% 63
\BOOKMARK [2][-]{section*.177}{\376\377\000\247\0007\000.\0005\000\040\060\351\060\327\060\351\060\267\060\242\060\363}{section*.168}% 64
\BOOKMARK [2][-]{section*.178}{\376\377\000\247\0007\000.\0006\000\040\140\122\173\111\137\017}{section*.168}% 65
\BOOKMARK [2][-]{section*.181}{\376\377\000\247\0007\000.\0007\000\040\060\312\060\326\060\351\060\156\121\154\137\017\226\306}{section*.168}% 66
\BOOKMARK [2][-]{section*.186}{\376\377\000\247\0007\000.\0008\000\040\172\115\122\006\133\232\164\006\040\024\040\024\060\271\060\310\060\374\060\257\060\271\060\373\060\254\060\246\060\271\060\373\060\260\060\352\060\374\060\363}{section*.168}% 67
\BOOKMARK [2][-]{section*.190}{\376\377\000\247\0007\000.\0009\000\040\173\054\000I\000I\000I\220\350\060\170\000\040\040\024\040\024\000\040\167\342\123\160\060\222\211\213\060\213\060\152\060\001\156\054\133\232\126\150\060\222\211\213\060\215}{section*.168}% 68
\BOOKMARK [0][-]{chapter.8}{\376\377\173\054\0008\172\340\377\032\116\214\060\144\060\156\212\000\212\236\000\040\040\024\040\024\000\040\156\054\133\232\126\150\060\156\137\256\122\006\060\150\060\001\130\064\060\156\137\256\122\006}{part.2}% 69
\BOOKMARK [1][-]{section*.191}{\376\377\000\247\0008\000.\0000\000\040\147\054\146\370\060\156\060\317\060\244\060\351\060\244\060\310}{chapter.8}% 70
\BOOKMARK [2][-]{section*.192}{\376\377\000\247\0008\000.\0001\000\040\116\214\060\144\060\156\137\256\122\006\060\001\116\214\060\144\060\156\116\026\165\114}{section*.191}% 71
\BOOKMARK [2][-]{section*.195}{\376\377\000\247\0008\000.\0002\000\040\177\373\212\063\217\236\146\370\060\156\133\214\142\020}{section*.191}% 72
\BOOKMARK [2][-]{section*.200}{\376\377\000\247\0008\000.\0003\000\040\060\271\060\310\060\374\060\257\060\271\060\156\133\232\164\006\060\222\177\373\212\063\060\131\060\213}{section*.191}% 73
\BOOKMARK [2][-]{section*.203}{\376\377\000\247\0008\000.\0004\000\040\060\254\060\246\060\271\060\156\133\232\164\006\060\222\177\373\212\063\060\131\060\213}{section*.191}% 74
\BOOKMARK [2][-]{section*.205}{\376\377\000\247\0008\000.\0005\000\040\116\214\060\144\060\156\145\271\154\325\212\326\040\024\040\024\130\064\060\157\060\135\060\156\060\176\060\176\060\113\060\001\156\054\133\232\126\150\060\157\060\135\060\156\060\176\060\176\060\113}{section*.191}% 75
\BOOKMARK [2][-]{section*.209}{\376\377\000\247\0008\000.\0006\000\040\146\362\175\332\136\247\152\031\060\150\116\214\060\144\060\156\145\271\154\325}{section*.191}% 76
\BOOKMARK [0][-]{chapter.9}{\376\377\173\054\0009\172\340\377\032\133\237\142\046\000\040\040\024\040\024\000\040\217\236\146\370\060\222\117\134\060\212\060\001\226\343\125\117\060\222\211\343\060\117}{part.2}% 77
\BOOKMARK [1][-]{section*.213}{\376\377\000\247\0009\000.\0000\000\040\147\054\146\370\060\156\166\356\166\204\060\157\060\131\060\147\060\153\147\234\060\137\060\125\060\214\060\137}{chapter.9}% 78
\BOOKMARK [2][-]{section*.214}{\376\377\000\247\0009\000.\0001\000\040\217\236\146\370\060\222\060\135\060\156\130\064\060\147\117\134\060\213\040\024\040\024\152\137\150\260\166\204\142\113\230\006}{section*.213}% 79
\BOOKMARK [2][-]{section*.215}{\376\377\000\247\0009\000.\0002\000\040\121\206\147\361\136\247\152\031\000\040\000\050\000r\000,\000\134\000t\000h\000e\000t\000a\000,\000z\000\051}{section*.213}% 80
\BOOKMARK [2][-]{section*.220}{\376\377\000\247\0009\000.\0003\000\040\164\003\136\247\152\031\000\040\000\050\000\134\000r\000h\000o\000,\000\134\000t\000h\000e\000t\000a\000,\000\134\000p\000h\000i\000\051}{section*.213}% 81
\BOOKMARK [2][-]{section*.224}{\376\377\000\247\0009\000.\0004\000\040\137\256\172\115\122\006\060\156\226\343\125\117\040\024\040\024\164\003\136\247\152\031\060\147\060\156\060\331\060\257\060\310\060\353\060\351\060\327\060\351\060\267\060\242\060\363}{section*.213}% 82
\BOOKMARK [2][-]{section*.228}{\376\377\000\247\0009\000.\0005\000\040\226\373\170\301\154\027\133\146\060\156\226\343\125\117\040\024\040\024\160\271\226\373\203\167\060\156\226\373\130\064\060\150\166\172\145\143}{section*.213}% 83
\BOOKMARK [2][-]{section*.229}{\376\377\000\247\0009\000.\0006\000\040\217\236\146\370\060\157\175\102\060\217\060\212\060\001\145\305\060\157\175\232\060\117}{section*.213}% 84
\BOOKMARK [-1][-]{part.3}{\376\377\000I\000I\000I\000\040\173\054\000I\000I\000I\220\350\377\032\166\172\134\125\060\150\175\161\124\010}{}% 85
\BOOKMARK [0][-]{chapter.10}{\376\377\173\054\0001\0000\172\340\377\032\060\336\060\257\060\271\060\246\060\247\060\353\145\271\172\013\137\017\000\040\040\024\040\024\000\040\177\216\060\127\060\125\060\156\060\135\060\156\121\110\060\170}{part.3}% 86
\BOOKMARK [1][-]{section*.230}{\376\377\000\247\0001\0000\000.\0000\000\040\060\112\175\004\147\137}{chapter.10}% 87
\BOOKMARK [2][-]{section*.231}{\376\377\000\247\0001\0000\000.\0001\000\040\060\336\060\257\060\271\060\246\060\247\060\353\145\271\172\013\137\017\040\024\040\024\0002\147\054\060\147\146\370\060\117}{section*.230}% 88
\BOOKMARK [2][-]{section*.232}{\376\377\000\247\0001\0000\000.\0002\000\040\000F\000\040\060\156\116\055\216\253\040\024\040\024\210\114\122\027\060\147\121\150\220\350\146\370\060\117}{section*.230}% 89
\BOOKMARK [2][-]{section*.233}{\376\377\000\247\0001\0000\000.\0003\000\040\060\337\060\363\060\263\060\325\060\271\060\255\060\374\212\010\221\317\040\024\040\024\000\134\000m\000a\000t\000h\000b\000b\000\173\000R\000\175\000\136\0003\000\040\060\113\060\211\0004\153\041\121\103\060\170}{section*.230}% 90
\BOOKMARK [2][-]{section*.234}{\376\377\000\247\0001\0000\000.\0004\000\040\000d\000F\000=\0000\000\040\060\222\121\150\220\350\146\370\060\115\116\013\060\131}{section*.230}% 91
\BOOKMARK [2][-]{section*.235}{\376\377\000\247\0001\0000\000.\0005\000\040\000\134\000a\000s\000t\000\040\000F\000\040\060\150\153\213\060\212\060\156\0002\147\054}{section*.230}% 92
\BOOKMARK [2][-]{section*.236}{\376\377\000\247\0001\0000\000.\0006\000\040\060\335\060\306\060\363\060\267\060\343\060\353\151\313\142\020\040\024\040\024\000F\000=\000-\000d\000A\000\040\060\113\060\211\131\313\060\201\060\213}{section*.230}% 93
\BOOKMARK [1][-]{section*.239}{\376\377\116\330\223\062\000E\377\032\000d\000F\000\040\060\150\000\040\000d\000\050\000\134\000a\000s\000t\000\040\000F\000\051\000\040\060\156\060\271\060\351\060\244\060\271\210\114\122\027\210\150\171\072\000\040\040\024\040\024\000\040\0004\000\134\000t\000i\000m\000e\000s\0004\000\134\000t\000i\000m\000e\000s\0004\000\040\221\115\122\027\060\147\211\213\060\213\060\336\060\257\060\271\060\246\060\247\060\353\145\271\172\013\137\017}{chapter.10}% 94
\BOOKMARK [0][-]{chapter.11}{\376\377\173\054\0001\0001\172\340\377\032\146\362\060\114\060\143\060\137\172\172\225\223\060\170\000\040\040\024\040\024\000\040\147\054\146\370\060\156\121\110\060\153\060\102\060\213\060\202\060\156}{part.3}% 95
\BOOKMARK [1][-]{section*.245}{\376\377\000\247\0001\0001\000.\0000\000\040\060\123\060\156\172\340\060\156\172\313\060\141\117\115\177\156\000\040\040\024\040\024\000\040\060\125\060\211\060\153\121\110\060\222\211\213\060\137\060\104\212\255\200\005\060\156\060\137\060\201\060\156\220\123\152\031}{chapter.11}% 96
\BOOKMARK [2][-]{section*.246}{\376\377\000\247\0001\0001\000.\0001\000\040\131\032\151\330\117\123\000\040\040\024\040\024\000\040\000\134\000m\000a\000t\000h\000b\000f\000\173\000g\000\175\000\050\000x\000\051\000\040\060\113\060\211\131\313\060\201\060\213}{section*.245}% 97
\BOOKMARK [2][-]{section*.255}{\376\377\000\247\0001\0001\000.\0002\000\040\060\352\060\374\060\336\060\363\136\176\117\125\133\146\000\040\040\024\040\024\000\040\060\306\060\363\060\275\060\353\211\343\147\220\060\156\060\271\060\277\060\244\060\353}{section*.245}% 98
\BOOKMARK [2][-]{section*.260}{\376\377\000\247\0001\0001\000.\0003\000\040\060\135\060\156\121\110\060\170}{section*.245}% 99
\BOOKMARK [0][-]{chapter.12}{\376\377\173\054\0001\0002\172\340\377\032\167\037\060\156\060\312\060\326\060\351\000\040\040\024\040\024\000\040\060\257\060\352\060\325\060\251\060\374\060\311\060\373\060\321\060\246\060\352\060\373\060\307\060\243\060\351\060\303\060\257\060\373\060\317\060\337\060\353\060\310\060\363}{part.3}% 100
\BOOKMARK [1][-]{section*.261}{\376\377\000\247\0001\0002\000.\0000\000\040\0002\147\054\060\222\0001\147\054\060\153}{chapter.12}% 101
\BOOKMARK [2][-]{section*.262}{\376\377\000\247\0001\0002\000.\0001\000\040\206\132\145\160\060\147\116\000\147\054\060\153\000\040\040\024\040\024\000\040\060\336\060\257\060\271\060\246\060\247\060\353\145\271\172\013\137\017\060\156\175\161\124\010}{section*.261}% 102
\BOOKMARK [2][-]{section*.263}{\376\377\000\247\0001\0002\000.\0002\000\040\060\321\060\246\060\352\210\114\122\027\000\040\040\024\040\024\000\040\165\160\060\152\060\213\153\041\145\160\060\222\215\263\060\131\233\124\154\325}{section*.261}% 103
\BOOKMARK [2][-]{section*.267}{\376\377\000\247\0001\0002\000.\0003\000\040\060\307\060\243\060\351\060\303\060\257\157\024\173\227\133\120\060\150\167\037\060\156\060\312\060\326\060\351}{section*.261}% 104
\BOOKMARK [2][-]{section*.272}{\376\377\000\247\0001\0002\000.\0004\000\040\157\024\173\227\133\120\000\134\000n\000a\000b\000l\000a}{section*.261}% 105
\BOOKMARK [0][-]{chapter.13}{\376\377\060\112\060\217\060\212\060\153\377\032\060\016\060\312\060\326\060\351\211\343\117\123\145\260\146\370\060\017\060\157\060\104\060\113\060\153\060\127\060\146\165\037\060\176\060\214\060\137\060\113}{part.3}% 106
\BOOKMARK [0][-]{chapter*.273}{\376\377\123\302\200\003\145\207\163\056\377\010\060\150\204\127\200\005\060\113\060\211\060\156\060\263\060\341\060\363\060\310\377\011}{part.3}% 107
\BOOKMARK [0][-]{chapter*.274}{\376\377\116\330\223\062\377\032\147\054\146\370\060\147\212\236\060\211\060\152\060\113\060\143\060\137\060\202\060\156}{part.3}% 108
\BOOKMARK [1][-]{section*.275}{\376\377\000I\000.\000\040\164\006\212\326\166\204\147\240\175\104\060\177\060\150\123\263\133\306\140\047\060\153\060\144\060\104\060\146}{chapter*.274}% 109
\BOOKMARK [1][-]{section*.276}{\376\377\000I\000I\000.\000\040\142\113\154\325\060\156\220\170\142\236\060\150\220\151\165\050\226\120\165\114\060\153\060\144\060\104\060\146}{chapter*.274}% 110
\BOOKMARK [1][-]{section*.277}{\376\377\000I\000I\000I\000.\000\040\162\151\164\006\166\204\133\232\177\251\060\150\145\131\200\262\166\204\221\115\141\156\060\153\060\144\060\104\060\146}{chapter*.274}% 111
